Archive member included to satisfy reference by file (symbol)

D:/toolchain/arm-none-eabi/13.3 rel1/bin/../lib/gcc/arm-none-eabi/13.3.1/thumb/v7-m/nofp\libgcc.a(_arm_muldf3.o)
                              CMakeFiles/breathlight.elf.dir/Core/Src/main.c.obj (__aeabi_dmul)
D:/toolchain/arm-none-eabi/13.3 rel1/bin/../lib/gcc/arm-none-eabi/13.3.1/thumb/v7-m/nofp\libgcc.a(_arm_mulsf3.o)
                              CMakeFiles/breathlight.elf.dir/Core/Src/main.c.obj (__aeabi_fmul)
D:/toolchain/arm-none-eabi/13.3 rel1/bin/../lib/gcc/arm-none-eabi/13.3.1/thumb/v7-m/nofp\libgcc.a(_arm_addsubdf3.o)
                              CMakeFiles/breathlight.elf.dir/Core/Src/main.c.obj (__aeabi_dadd)
D:/toolchain/arm-none-eabi/13.3 rel1/bin/../lib/gcc/arm-none-eabi/13.3.1/thumb/v7-m/nofp\libgcc.a(_arm_truncdfsf2.o)
                              CMakeFiles/breathlight.elf.dir/Core/Src/main.c.obj (__aeabi_d2f)
D:/toolchain/arm-none-eabi/13.3 rel1/bin/../lib/gcc/arm-none-eabi/13.3.1/thumb/v7-m/nofp\libgcc.a(_arm_addsubsf3.o)
                              CMakeFiles/breathlight.elf.dir/Core/Src/main.c.obj (__aeabi_i2f)
D:/toolchain/arm-none-eabi/13.3 rel1/bin/../lib/gcc/arm-none-eabi/13.3.1/thumb/v7-m/nofp\libgcc.a(_arm_fixunssfsi.o)
                              CMakeFiles/breathlight.elf.dir/Core/Src/main.c.obj (__aeabi_f2uiz)
D:/toolchain/arm-none-eabi/13.3 rel1/bin/../lib/gcc/arm-none-eabi/13.3.1/thumb/v7-m/nofp\libg.a(libc_a-exit.o)
                              D:/toolchain/arm-none-eabi/13.3 rel1/bin/../lib/gcc/arm-none-eabi/13.3.1/thumb/v7-m/nofp/crt0.o (exit)
D:/toolchain/arm-none-eabi/13.3 rel1/bin/../lib/gcc/arm-none-eabi/13.3.1/thumb/v7-m/nofp\libg.a(libc_a-findfp.o)
                              D:/toolchain/arm-none-eabi/13.3 rel1/bin/../lib/gcc/arm-none-eabi/13.3.1/thumb/v7-m/nofp\libg.a(libc_a-exit.o) (__stdio_exit_handler)
D:/toolchain/arm-none-eabi/13.3 rel1/bin/../lib/gcc/arm-none-eabi/13.3.1/thumb/v7-m/nofp\libg.a(libc_a-fwalk.o)
                              D:/toolchain/arm-none-eabi/13.3 rel1/bin/../lib/gcc/arm-none-eabi/13.3.1/thumb/v7-m/nofp\libg.a(libc_a-findfp.o) (_fwalk_sglue)
D:/toolchain/arm-none-eabi/13.3 rel1/bin/../lib/gcc/arm-none-eabi/13.3.1/thumb/v7-m/nofp\libg.a(libc_a-stdio.o)
                              D:/toolchain/arm-none-eabi/13.3 rel1/bin/../lib/gcc/arm-none-eabi/13.3.1/thumb/v7-m/nofp\libg.a(libc_a-findfp.o) (__sread)
D:/toolchain/arm-none-eabi/13.3 rel1/bin/../lib/gcc/arm-none-eabi/13.3.1/thumb/v7-m/nofp\libg.a(libc_a-memset.o)
                              D:/toolchain/arm-none-eabi/13.3 rel1/bin/../lib/gcc/arm-none-eabi/13.3.1/thumb/v7-m/nofp/crt0.o (memset)
D:/toolchain/arm-none-eabi/13.3 rel1/bin/../lib/gcc/arm-none-eabi/13.3.1/thumb/v7-m/nofp\libg.a(libc_a-closer.o)
                              D:/toolchain/arm-none-eabi/13.3 rel1/bin/../lib/gcc/arm-none-eabi/13.3.1/thumb/v7-m/nofp\libg.a(libc_a-stdio.o) (_close_r)
D:/toolchain/arm-none-eabi/13.3 rel1/bin/../lib/gcc/arm-none-eabi/13.3.1/thumb/v7-m/nofp\libg.a(libc_a-reent.o)
                              D:/toolchain/arm-none-eabi/13.3 rel1/bin/../lib/gcc/arm-none-eabi/13.3.1/thumb/v7-m/nofp\libg.a(libc_a-closer.o) (errno)
D:/toolchain/arm-none-eabi/13.3 rel1/bin/../lib/gcc/arm-none-eabi/13.3.1/thumb/v7-m/nofp\libg.a(libc_a-impure.o)
                              D:/toolchain/arm-none-eabi/13.3 rel1/bin/../lib/gcc/arm-none-eabi/13.3.1/thumb/v7-m/nofp\libg.a(libc_a-reent.o) (_impure_ptr)
D:/toolchain/arm-none-eabi/13.3 rel1/bin/../lib/gcc/arm-none-eabi/13.3.1/thumb/v7-m/nofp\libg.a(libc_a-lseekr.o)
                              D:/toolchain/arm-none-eabi/13.3 rel1/bin/../lib/gcc/arm-none-eabi/13.3.1/thumb/v7-m/nofp\libg.a(libc_a-stdio.o) (_lseek_r)
D:/toolchain/arm-none-eabi/13.3 rel1/bin/../lib/gcc/arm-none-eabi/13.3.1/thumb/v7-m/nofp\libg.a(libc_a-readr.o)
                              D:/toolchain/arm-none-eabi/13.3 rel1/bin/../lib/gcc/arm-none-eabi/13.3.1/thumb/v7-m/nofp\libg.a(libc_a-stdio.o) (_read_r)
D:/toolchain/arm-none-eabi/13.3 rel1/bin/../lib/gcc/arm-none-eabi/13.3.1/thumb/v7-m/nofp\libg.a(libc_a-writer.o)
                              D:/toolchain/arm-none-eabi/13.3 rel1/bin/../lib/gcc/arm-none-eabi/13.3.1/thumb/v7-m/nofp\libg.a(libc_a-stdio.o) (_write_r)
D:/toolchain/arm-none-eabi/13.3 rel1/bin/../lib/gcc/arm-none-eabi/13.3.1/thumb/v7-m/nofp\libg.a(libc_a-errno.o)
                              CMakeFiles/breathlight.elf.dir/Core/Src/syscalls.c.obj (__errno)
D:/toolchain/arm-none-eabi/13.3 rel1/bin/../lib/gcc/arm-none-eabi/13.3.1/thumb/v7-m/nofp\libg.a(libc_a-init.o)
                              D:/toolchain/arm-none-eabi/13.3 rel1/bin/../lib/gcc/arm-none-eabi/13.3.1/thumb/v7-m/nofp/crt0.o (__libc_init_array)
D:/toolchain/arm-none-eabi/13.3 rel1/bin/../lib/gcc/arm-none-eabi/13.3.1/thumb/v7-m/nofp\libg.a(libc_a-lock.o)
                              D:/toolchain/arm-none-eabi/13.3 rel1/bin/../lib/gcc/arm-none-eabi/13.3.1/thumb/v7-m/nofp\libg.a(libc_a-findfp.o) (__retarget_lock_init_recursive)
[...]
Memory Configuration

Name             Origin             Length             Attributes
RAM              0x20000000         0x00005000         xrw
FLASH            0x08000000         0x00010000         xr
*default*        0x00000000         0xffffffff

Linker script and memory map

LOAD D:/toolchain/arm-none-eabi/13.3 rel1/bin/../lib/gcc/arm-none-eabi/13.3.1/thumb/v7-m/nofp/crti.o
LOAD D:/toolchain/arm-none-eabi/13.3 rel1/bin/../lib/gcc/arm-none-eabi/13.3.1/thumb/v7-m/nofp/crtbegin.o
LOAD D:/toolchain/arm-none-eabi/13.3 rel1/bin/../lib/gcc/arm-none-eabi/13.3.1/thumb/v7-m/nofp/crt0.o
LOAD CMakeFiles/breathlight.elf.dir/Core/Src/gpio.c.obj
LOAD CMakeFiles/breathlight.elf.dir/Core/Src/main.c.obj
LOAD CMakeFiles/breathlight.elf.dir/Core/Src/stm32f1xx_hal_msp.c.obj
LOAD CMakeFiles/breathlight.elf.dir/Core/Src/stm32f1xx_it.c.obj
LOAD CMakeFiles/breathlight.elf.dir/Core/Src/syscalls.c.obj
LOAD CMakeFiles/breathlight.elf.dir/Core/Src/sysmem.c.obj
LOAD CMakeFiles/breathlight.elf.dir/Core/Src/system_stm32f1xx.c.obj
LOAD CMakeFiles/breathlight.elf.dir/Core/Src/tim.c.obj
LOAD CMakeFiles/breathlight.elf.dir/Core/Src/usart.c.obj
LOAD CMakeFiles/breathlight.elf.dir/Core/Startup/startup_stm32f103c8tx.s.obj
LOAD CMakeFiles/breathlight.elf.dir/Drivers/STM32F1xx_HAL_Driver/Src/stm32f1xx_hal.c.obj
LOAD CMakeFiles/breathlight.elf.dir/Drivers/STM32F1xx_HAL_Driver/Src/stm32f1xx_hal_cortex.c.obj
LOAD CMakeFiles/breathlight.elf.dir/Drivers/STM32F1xx_HAL_Driver/Src/stm32f1xx_hal_dma.c.obj
LOAD CMakeFiles/breathlight.elf.dir/Drivers/STM32F1xx_HAL_Driver/Src/stm32f1xx_hal_exti.c.obj
LOAD CMakeFiles/breathlight.elf.dir/Drivers/STM32F1xx_HAL_Driver/Src/stm32f1xx_hal_flash.c.obj
LOAD CMakeFiles/breathlight.elf.dir/Drivers/STM32F1xx_HAL_Driver/Src/stm32f1xx_hal_flash_ex.c.obj
LOAD CMakeFiles/breathlight.elf.dir/Drivers/STM32F1xx_HAL_Driver/Src/stm32f1xx_hal_gpio.c.obj
LOAD CMakeFiles/breathlight.elf.dir/Drivers/STM32F1xx_HAL_Driver/Src/stm32f1xx_hal_gpio_ex.c.obj
LOAD CMakeFiles/breathlight.elf.dir/Drivers/STM32F1xx_HAL_Driver/Src/stm32f1xx_hal_pwr.c.obj
LOAD CMakeFiles/breathlight.elf.dir/Drivers/STM32F1xx_HAL_Driver/Src/stm32f1xx_hal_rcc.c.obj
LOAD CMakeFiles/breathlight.elf.dir/Drivers/STM32F1xx_HAL_Driver/Src/stm32f1xx_hal_rcc_ex.c.obj
LOAD CMakeFiles/breathlight.elf.dir/Drivers/STM32F1xx_HAL_Driver/Src/stm32f1xx_hal_tim.c.obj
LOAD CMakeFiles/breathlight.elf.dir/Drivers/STM32F1xx_HAL_Driver/Src/stm32f1xx_hal_tim_ex.c.obj
LOAD CMakeFiles/breathlight.elf.dir/Drivers/STM32F1xx_HAL_Driver/Src/stm32f1xx_hal_uart.c.obj
START GROUP
LOAD D:/toolchain/arm-none-eabi/13.3 rel1/bin/../lib/gcc/arm-none-eabi/13.3.1/thumb/v7-m/nofp\libgcc.a
LOAD D:/toolchain/arm-none-eabi/13.3 rel1/bin/../lib/gcc/arm-none-eabi/13.3.1/thumb/v7-m/nofp\libg.a
LOAD D:/toolchain/arm-none-eabi/13.3 rel1/bin/../lib/gcc/arm-none-eabi/13.3.1/thumb/v7-m/nofp\libc.a
END GROUP
LOAD D:/toolchain/arm-none-eabi/13.3 rel1/bin/../lib/gcc/arm-none-eabi/13.3.1/thumb/v7-m/nofp/crtend.o
LOAD D:/toolchain/arm-none-eabi/13.3 rel1/bin/../lib/gcc/arm-none-eabi/13.3.1/thumb/v7-m/nofp/crtn.o
                0x20005000                        _estack = (ORIGIN (RAM) + LENGTH (RAM))
                0x00000200                        _Min_Heap_Size = 0x200
                0x00000400                        _Min_Stack_Size = 0x400

.isr_vector     0x08000000      0x10c
                0x08000000                        . = ALIGN (0x4)
 *(.isr_vector)
 .isr_vector    0x08000000      0x10c CMakeFiles/breathlight.elf.dir/Core/Startup/startup_stm32f103c8tx.s.obj
                0x08000000                g_pfnVectors
                0x0800010c                        . = ALIGN (0x4)

.text           0x08000110     0x3c00
                0x08000110                        . = ALIGN (0x4)
 *(.text)
 .text          0x08000110      0x254 D:/toolchain/arm-none-eabi/13.3 rel1/bin/../lib/gcc/arm-none-eabi/13.3.1/thumb/v7-m/nofp\libgcc.a(_arm_muldf3.o)
                0x08000110                __muldf3
                0x08000110                __aeabi_dmul
 .text          0x08000364      0x168 D:/toolchain/arm-none-eabi/13.3 rel1/bin/../lib/gcc/arm-none-eabi/13.3.1/thumb/v7-m/nofp\libgcc.a(_arm_mulsf3.o)
                0x08000364                __aeabi_fmul
                0x08000364                __mulsf3
 .text          0x080004cc      0x378 D:/toolchain/arm-none-eabi/13.3 rel1/bin/../lib/gcc/arm-none-eabi/13.3.1/thumb/v7-m/nofp\libgcc.a(_arm_addsubdf3.o)
                0x080004cc                __aeabi_drsub
                0x080004d4                __aeabi_dsub
                0x080004d4                __subdf3
                0x080004d8                __aeabi_dadd
                0x080004d8                __adddf3
                0x08000750                __floatunsidf
                0x08000750                __aeabi_ui2d
                0x08000770                __floatsidf
                0x08000770                __aeabi_i2d
                0x08000794                __aeabi_f2d
                0x08000794                __extendsfdf2
                0x080007d8                __floatundidf
                0x080007d8                __aeabi_ul2d
                0x080007e8                __floatdidf
                0x080007e8                __aeabi_l2d
 .text          0x08000844       0xa0 D:/toolchain/arm-none-eabi/13.3 rel1/bin/../lib/gcc/arm-none-eabi/13.3.1/thumb/v7-m/nofp\libgcc.a(_arm_truncdfsf2.o)
                0x08000844                __truncdfsf2
                0x08000844                __aeabi_d2f
 .text          0x080008e4      0x21c D:/toolchain/arm-none-eabi/13.3 rel1/bin/../lib/gcc/arm-none-eabi/13.3.1/thumb/v7-m/nofp\libgcc.a(_arm_addsubsf3.o)
                0x080008e4                __aeabi_frsub
                0x080008ec                __subsf3
                0x080008ec                __aeabi_fsub
                0x080008f0                __aeabi_fadd
                0x080008f0                __addsf3
                0x08000a50                __aeabi_ui2f
                0x08000a50                __floatunsisf
                0x08000a58                __aeabi_i2f
                0x08000a58                __floatsisf
                0x08000a74                __aeabi_ul2f
                0x08000a74                __floatundisf
                0x08000a84                __aeabi_l2f
                0x08000a84                __floatdisf
 .text          0x08000b00       0x40 D:/toolchain/arm-none-eabi/13.3 rel1/bin/../lib/gcc/arm-none-eabi/13.3.1/thumb/v7-m/nofp\libgcc.a(_arm_fixunssfsi.o)
                0x08000b00                __fixunssfsi
                0x08000b00                __aeabi_f2uiz
 .text          0x08000b40      0x110 D:/toolchain/arm-none-eabi/13.3 rel1/bin/../lib/gcc/arm-none-eabi/13.3.1/thumb/v7-m/nofp\libgcc.a(_arm_cmpdf2.o)
                0x08000b40                __gtdf2
                0x08000b40                __gedf2
                0x08000b48                __ltdf2
                0x08000b48                __ledf2
                0x08000b50                __nedf2
                0x08000b50                __eqdf2
                0x08000b50                __cmpdf2
                0x08000bcc                __aeabi_cdrcmple
                0x08000bdc                __aeabi_cdcmpeq
                0x08000bdc                __aeabi_cdcmple
                0x08000bec                __aeabi_dcmpeq
                0x08000c00                __aeabi_dcmplt
                0x08000c14                __aeabi_dcmple
                0x08000c28                __aeabi_dcmpge
                0x08000c3c                __aeabi_dcmpgt
 .text          0x08000c50       0x50 D:/toolchain/arm-none-eabi/13.3 rel1/bin/../lib/gcc/arm-none-eabi/13.3.1/thumb/v7-m/nofp\libgcc.a(_arm_fixdfsi.o)
                0x08000c50                __aeabi_d2iz
                0x08000c50                __fixdfsi
 *(.text*)
 .text.deregister_tm_clones
                0x08000ca0       0x1c D:/toolchain/arm-none-eabi/13.3 rel1/bin/../lib/gcc/arm-none-eabi/13.3.1/thumb/v7-m/nofp/crtbegin.o
 .text.register_tm_clones
                0x08000cbc       0x24 D:/toolchain/arm-none-eabi/13.3 rel1/bin/../lib/gcc/arm-none-eabi/13.3.1/thumb/v7-m/nofp/crtbegin.o
 .text.__do_global_dtors_aux
                0x08000ce0       0x28 D:/toolchain/arm-none-eabi/13.3 rel1/bin/../lib/gcc/arm-none-eabi/13.3.1/thumb/v7-m/nofp/crtbegin.o
 .text.frame_dummy
                0x08000d08       0x24 D:/toolchain/arm-none-eabi/13.3 rel1/bin/../lib/gcc/arm-none-eabi/13.3.1/thumb/v7-m/nofp/crtbegin.o
 .text.MX_GPIO_Init
                0x08000d2c       0x30 CMakeFiles/breathlight.elf.dir/Core/Src/gpio.c.obj
                0x08000d2c                MX_GPIO_Init
 .text.HAL_UART_RxCpltCallback
                0x08000d5c       0x48 CMakeFiles/breathlight.elf.dir/Core/Src/main.c.obj
                0x08000d5c                HAL_UART_RxCpltCallback
 .text.Error_Handler
                0x08000da4        0x4 CMakeFiles/breathlight.elf.dir/Core/Src/main.c.obj
                0x08000da4                Error_Handler
 .text.SystemClock_Config
                0x08000da8       0x52 CMakeFiles/breathlight.elf.dir/Core/Src/main.c.obj
                0x08000da8                SystemClock_Config
 *fill*         0x08000dfa        0x6 
 .text.main     0x08000e00       0xc4 CMakeFiles/breathlight.elf.dir/Core/Src/main.c.obj
                0x08000e00                main
 .text.HAL_MspInit
                0x08000ec4       0x44 CMakeFiles/breathlight.elf.dir/Core/Src/stm32f1xx_hal_msp.c.obj
                0x08000ec4                HAL_MspInit
 .text.NMI_Handler
                0x08000f08        0x2 CMakeFiles/breathlight.elf.dir/Core/Src/stm32f1xx_it.c.obj
                0x08000f08                NMI_Handler
 .text.HardFault_Handler
                0x08000f0a        0x2 CMakeFiles/breathlight.elf.dir/Core/Src/stm32f1xx_it.c.obj
                0x08000f0a                HardFault_Handler
 .text.MemManage_Handler
                0x08000f0c        0x2 CMakeFiles/breathlight.elf.dir/Core/Src/stm32f1xx_it.c.obj
                0x08000f0c                MemManage_Handler
 .text.BusFault_Handler
                0x08000f0e        0x2 CMakeFiles/breathlight.elf.dir/Core/Src/stm32f1xx_it.c.obj
                0x08000f0e                BusFault_Handler
 .text.UsageFault_Handler
                0x08000f10        0x2 CMakeFiles/breathlight.elf.dir/Core/Src/stm32f1xx_it.c.obj
                0x08000f10                UsageFault_Handler
 .text.SVC_Handler
                0x08000f12        0x2 CMakeFiles/breathlight.elf.dir/Core/Src/stm32f1xx_it.c.obj
                0x08000f12                SVC_Handler
 .text.DebugMon_Handler
                0x08000f14        0x2 CMakeFiles/breathlight.elf.dir/Core/Src/stm32f1xx_it.c.obj
                0x08000f14                DebugMon_Handler
 .text.PendSV_Handler
                0x08000f16        0x2 CMakeFiles/breathlight.elf.dir/Core/Src/stm32f1xx_it.c.obj
                0x08000f16                PendSV_Handler
 .text.SysTick_Handler
                0x08000f18        0x8 CMakeFiles/breathlight.elf.dir/Core/Src/stm32f1xx_it.c.obj
                0x08000f18                SysTick_Handler
 .text.USART1_IRQHandler
                0x08000f20       0x10 CMakeFiles/breathlight.elf.dir/Core/Src/stm32f1xx_it.c.obj
                0x08000f20                USART1_IRQHandler
 .text.SystemInit
                0x08000f30        0x2 CMakeFiles/breathlight.elf.dir/Core/Src/system_stm32f1xx.c.obj
                0x08000f30                SystemInit
 *fill*         0x08000f32        0x2 
 .text.HAL_TIM_Base_MspInit
                0x08000f34       0x2c CMakeFiles/breathlight.elf.dir/Core/Src/tim.c.obj
                0x08000f34                HAL_TIM_Base_MspInit
 .text.HAL_TIM_MspPostInit
                0x08000f60       0x50 CMakeFiles/breathlight.elf.dir/Core/Src/tim.c.obj
                0x08000f60                HAL_TIM_MspPostInit
 .text.MX_TIM1_Init
                0x08000fb0       0xe8 CMakeFiles/breathlight.elf.dir/Core/Src/tim.c.obj
                0x08000fb0                MX_TIM1_Init
 .text.MX_USART1_UART_Init
                0x08001098       0x34 CMakeFiles/breathlight.elf.dir/Core/Src/usart.c.obj
                0x08001098                MX_USART1_UART_Init
 .text.HAL_UART_MspInit
                0x080010cc       0x88 CMakeFiles/breathlight.elf.dir/Core/Src/usart.c.obj
                0x080010cc                HAL_UART_MspInit
 .text.Reset_Handler
                0x08001154       0x48 CMakeFiles/breathlight.elf.dir/Core/Startup/startup_stm32f103c8tx.s.obj
                0x08001154                Reset_Handler
 .text.Default_Handler
                0x0800119c        0x2 CMakeFiles/breathlight.elf.dir/Core/Startup/startup_stm32f103c8tx.s.obj
                0x0800119c                RTC_Alarm_IRQHandler
                0x0800119c                EXTI2_IRQHandler
                0x0800119c                TIM1_CC_IRQHandler
                0x0800119c                PVD_IRQHandler
                0x0800119c                EXTI3_IRQHandler
                0x0800119c                EXTI0_IRQHandler
                0x0800119c                I2C2_EV_IRQHandler
                0x0800119c                ADC1_2_IRQHandler
                0x0800119c                SPI1_IRQHandler
                0x0800119c                TAMPER_IRQHandler
                0x0800119c                DMA1_Channel4_IRQHandler
                0x0800119c                USART3_IRQHandler
                0x0800119c                RTC_IRQHandler
                0x0800119c                DMA1_Channel7_IRQHandler
                0x0800119c                CAN1_RX1_IRQHandler
                0x0800119c                TIM4_IRQHandler
                0x0800119c                I2C1_EV_IRQHandler
                0x0800119c                DMA1_Channel6_IRQHandler
                0x0800119c                TIM3_IRQHandler
                0x0800119c                RCC_IRQHandler
                0x0800119c                TIM1_TRG_COM_IRQHandler
                0x0800119c                DMA1_Channel1_IRQHandler
                0x0800119c                Default_Handler
                0x0800119c                EXTI15_10_IRQHandler
                0x0800119c                EXTI9_5_IRQHandler
                0x0800119c                SPI2_IRQHandler
                0x0800119c                DMA1_Channel5_IRQHandler
                0x0800119c                EXTI4_IRQHandler
                0x0800119c                USB_LP_CAN1_RX0_IRQHandler
                0x0800119c                USB_HP_CAN1_TX_IRQHandler
                0x0800119c                DMA1_Channel3_IRQHandler
                0x0800119c                TIM1_UP_IRQHandler
                0x0800119c                WWDG_IRQHandler
                0x0800119c                TIM2_IRQHandler
                0x0800119c                TIM1_BRK_IRQHandler
                0x0800119c                EXTI1_IRQHandler
                0x0800119c                USART2_IRQHandler
                0x0800119c                I2C2_ER_IRQHandler
                0x0800119c                DMA1_Channel2_IRQHandler
                0x0800119c                CAN1_SCE_IRQHandler
                0x0800119c                FLASH_IRQHandler
                0x0800119c                I2C1_ER_IRQHandler
                0x0800119c                USBWakeUp_IRQHandler
 *fill*         0x0800119e        0x2 
 .text.HAL_InitTick
                0x080011a0       0x4c CMakeFiles/breathlight.elf.dir/Drivers/STM32F1xx_HAL_Driver/Src/stm32f1xx_hal.c.obj
                0x080011a0                HAL_InitTick
 .text.HAL_Init
                0x080011ec       0x24 CMakeFiles/breathlight.elf.dir/Drivers/STM32F1xx_HAL_Driver/Src/stm32f1xx_hal.c.obj
                0x080011ec                HAL_Init
 .text.HAL_IncTick
                0x08001210       0x18 CMakeFiles/breathlight.elf.dir/Drivers/STM32F1xx_HAL_Driver/Src/stm32f1xx_hal.c.obj
                0x08001210                HAL_IncTick
 .text.HAL_GetTick
                0x08001228        0xc CMakeFiles/breathlight.elf.dir/Drivers/STM32F1xx_HAL_Driver/Src/stm32f1xx_hal.c.obj
                0x08001228                HAL_GetTick
 .text.__NVIC_SetPriority
                0x08001234       0x28 CMakeFiles/breathlight.elf.dir/Drivers/STM32F1xx_HAL_Driver/Src/stm32f1xx_hal_cortex.c.obj
 .text.NVIC_EncodePriority
                0x0800125c       0x3e CMakeFiles/breathlight.elf.dir/Drivers/STM32F1xx_HAL_Driver/Src/stm32f1xx_hal_cortex.c.obj
 *fill*         0x0800129a        0x2 
 .text.HAL_NVIC_SetPriorityGrouping
                0x0800129c       0x24 CMakeFiles/breathlight.elf.dir/Drivers/STM32F1xx_HAL_Driver/Src/stm32f1xx_hal_cortex.c.obj
                0x0800129c                HAL_NVIC_SetPriorityGrouping
 .text.HAL_NVIC_SetPriority
                0x080012c0       0x20 CMakeFiles/breathlight.elf.dir/Drivers/STM32F1xx_HAL_Driver/Src/stm32f1xx_hal_cortex.c.obj
                0x080012c0                HAL_NVIC_SetPriority
 .text.HAL_NVIC_EnableIRQ
                0x080012e0       0x1c CMakeFiles/breathlight.elf.dir/Drivers/STM32F1xx_HAL_Driver/Src/stm32f1xx_hal_cortex.c.obj
                0x080012e0                HAL_NVIC_EnableIRQ
 .text.HAL_SYSTICK_Config
                0x080012fc       0x28 CMakeFiles/breathlight.elf.dir/Drivers/STM32F1xx_HAL_Driver/Src/stm32f1xx_hal_cortex.c.obj
                0x080012fc                HAL_SYSTICK_Config
 .text.HAL_DMA_Abort
                0x08001324       0x46 CMakeFiles/breathlight.elf.dir/Drivers/STM32F1xx_HAL_Driver/Src/stm32f1xx_hal_dma.c.obj
                0x08001324                HAL_DMA_Abort
 *fill*         0x0800136a        0x2 
 .text.HAL_DMA_Abort_IT
                0x0800136c       0x98 CMakeFiles/breathlight.elf.dir/Drivers/STM32F1xx_HAL_Driver/Src/stm32f1xx_hal_dma.c.obj
                0x0800136c                HAL_DMA_Abort_IT
 .text.HAL_GPIO_Init
                0x08001404      0x21c CMakeFiles/breathlight.elf.dir/Drivers/STM32F1xx_HAL_Driver/Src/stm32f1xx_hal_gpio.c.obj
                0x08001404                HAL_GPIO_Init
 .text.RCC_Delay
                0x08001620       0x2c CMakeFiles/breathlight.elf.dir/Drivers/STM32F1xx_HAL_Driver/Src/stm32f1xx_hal_rcc.c.obj
 .text.HAL_RCC_OscConfig
                0x0800164c      0x410 CMakeFiles/breathlight.elf.dir/Drivers/STM32F1xx_HAL_Driver/Src/stm32f1xx_hal_rcc.c.obj
                0x0800164c                HAL_RCC_OscConfig
 .text.HAL_RCC_GetSysClockFreq
                0x08001a5c       0x54 CMakeFiles/breathlight.elf.dir/Drivers/STM32F1xx_HAL_Driver/Src/stm32f1xx_hal_rcc.c.obj
                0x08001a5c                HAL_RCC_GetSysClockFreq
 .text.HAL_RCC_ClockConfig
                0x08001ab0      0x16c CMakeFiles/breathlight.elf.dir/Drivers/STM32F1xx_HAL_Driver/Src/stm32f1xx_hal_rcc.c.obj
                0x08001ab0                HAL_RCC_ClockConfig
 .text.HAL_RCC_GetHCLKFreq
                0x08001c1c        0xc CMakeFiles/breathlight.elf.dir/Drivers/STM32F1xx_HAL_Driver/Src/stm32f1xx_hal_rcc.c.obj
                0x08001c1c                HAL_RCC_GetHCLKFreq
 .text.HAL_RCC_GetPCLK1Freq
                0x08001c28       0x20 CMakeFiles/breathlight.elf.dir/Drivers/STM32F1xx_HAL_Driver/Src/stm32f1xx_hal_rcc.c.obj
                0x08001c28                HAL_RCC_GetPCLK1Freq
 .text.HAL_RCC_GetPCLK2Freq
                0x08001c48       0x20 CMakeFiles/breathlight.elf.dir/Drivers/STM32F1xx_HAL_Driver/Src/stm32f1xx_hal_rcc.c.obj
                0x08001c48                HAL_RCC_GetPCLK2Freq
 .text.TIM_OC1_SetConfig
                0x08001c68       0x54 CMakeFiles/breathlight.elf.dir/Drivers/STM32F1xx_HAL_Driver/Src/stm32f1xx_hal_tim.c.obj
 .text.TIM_OC3_SetConfig
                0x08001cbc       0x5c CMakeFiles/breathlight.elf.dir/Drivers/STM32F1xx_HAL_Driver/Src/stm32f1xx_hal_tim.c.obj
 .text.TIM_OC4_SetConfig
                0x08001d18       0x48 CMakeFiles/breathlight.elf.dir/Drivers/STM32F1xx_HAL_Driver/Src/stm32f1xx_hal_tim.c.obj
 .text.TIM_TI1_ConfigInputStage
                0x08001d60       0x24 CMakeFiles/breathlight.elf.dir/Drivers/STM32F1xx_HAL_Driver/Src/stm32f1xx_hal_tim.c.obj
 .text.TIM_TI2_ConfigInputStage
                0x08001d84       0x26 CMakeFiles/breathlight.elf.dir/Drivers/STM32F1xx_HAL_Driver/Src/stm32f1xx_hal_tim.c.obj
 .text.TIM_ITRx_SetConfig
                0x08001daa       0x10 CMakeFiles/breathlight.elf.dir/Drivers/STM32F1xx_HAL_Driver/Src/stm32f1xx_hal_tim.c.obj
 .text.HAL_TIM_PWM_MspInit
                0x08001dba        0x2 CMakeFiles/breathlight.elf.dir/Drivers/STM32F1xx_HAL_Driver/Src/stm32f1xx_hal_tim.c.obj
                0x08001dba                HAL_TIM_PWM_MspInit
 .text.TIM_Base_SetConfig
                0x08001dbc       0x84 CMakeFiles/breathlight.elf.dir/Drivers/STM32F1xx_HAL_Driver/Src/stm32f1xx_hal_tim.c.obj
                0x08001dbc                TIM_Base_SetConfig
 .text.HAL_TIM_Base_Init
                0x08001e40       0x58 CMakeFiles/breathlight.elf.dir/Drivers/STM32F1xx_HAL_Driver/Src/stm32f1xx_hal_tim.c.obj
                0x08001e40                HAL_TIM_Base_Init
 .text.HAL_TIM_PWM_Init
                0x08001e98       0x58 CMakeFiles/breathlight.elf.dir/Drivers/STM32F1xx_HAL_Driver/Src/stm32f1xx_hal_tim.c.obj
                0x08001e98                HAL_TIM_PWM_Init
 .text.TIM_OC2_SetConfig
                0x08001ef0       0x5c CMakeFiles/breathlight.elf.dir/Drivers/STM32F1xx_HAL_Driver/Src/stm32f1xx_hal_tim.c.obj
                0x08001ef0                TIM_OC2_SetConfig
 .text.HAL_TIM_PWM_ConfigChannel
                0x08001f4c       0xdc CMakeFiles/breathlight.elf.dir/Drivers/STM32F1xx_HAL_Driver/Src/stm32f1xx_hal_tim.c.obj
                0x08001f4c                HAL_TIM_PWM_ConfigChannel
 .text.TIM_ETR_SetConfig
                0x08002028       0x18 CMakeFiles/breathlight.elf.dir/Drivers/STM32F1xx_HAL_Driver/Src/stm32f1xx_hal_tim.c.obj
                0x08002028                TIM_ETR_SetConfig
 .text.HAL_TIM_ConfigClockSource
                0x08002040       0xfe CMakeFiles/breathlight.elf.dir/Drivers/STM32F1xx_HAL_Driver/Src/stm32f1xx_hal_tim.c.obj
                0x08002040                HAL_TIM_ConfigClockSource
 .text.TIM_CCxChannelCmd
                0x0800213e       0x1e CMakeFiles/breathlight.elf.dir/Drivers/STM32F1xx_HAL_Driver/Src/stm32f1xx_hal_tim.c.obj
                0x0800213e                TIM_CCxChannelCmd
 .text.HAL_TIM_PWM_Start
                0x0800215c       0xdc CMakeFiles/breathlight.elf.dir/Drivers/STM32F1xx_HAL_Driver/Src/stm32f1xx_hal_tim.c.obj
                0x0800215c                HAL_TIM_PWM_Start
 .text.HAL_TIMEx_MasterConfigSynchronization
                0x08002238       0x6c CMakeFiles/breathlight.elf.dir/Drivers/STM32F1xx_HAL_Driver/Src/stm32f1xx_hal_tim_ex.c.obj
                0x08002238                HAL_TIMEx_MasterConfigSynchronization
 .text.HAL_TIMEx_ConfigBreakDeadTime
                0x080022a4       0x52 CMakeFiles/breathlight.elf.dir/Drivers/STM32F1xx_HAL_Driver/Src/stm32f1xx_hal_tim_ex.c.obj
                0x080022a4                HAL_TIMEx_ConfigBreakDeadTime
 .text.UART_EndRxTransfer
                0x080022f6       0x5c CMakeFiles/breathlight.elf.dir/Drivers/STM32F1xx_HAL_Driver/Src/stm32f1xx_hal_uart.c.obj
 .text.UART_Transmit_IT
                0x08002352       0x60 CMakeFiles/breathlight.elf.dir/Drivers/STM32F1xx_HAL_Driver/Src/stm32f1xx_hal_uart.c.obj
 *fill*         0x080023b2        0x2 
 .text.UART_SetConfig
                0x080023b4       0x94 CMakeFiles/breathlight.elf.dir/Drivers/STM32F1xx_HAL_Driver/Src/stm32f1xx_hal_uart.c.obj
 .text.HAL_UART_Init
                0x08002448       0x60 CMakeFiles/breathlight.elf.dir/Drivers/STM32F1xx_HAL_Driver/Src/stm32f1xx_hal_uart.c.obj
                0x08002448                HAL_UART_Init
 .text.HAL_UART_TxCpltCallback
                0x080024a8        0x2 CMakeFiles/breathlight.elf.dir/Drivers/STM32F1xx_HAL_Driver/Src/stm32f1xx_hal_uart.c.obj
                0x080024a8                HAL_UART_TxCpltCallback
 .text.UART_EndTransmit_IT
                0x080024aa       0x1a CMakeFiles/breathlight.elf.dir/Drivers/STM32F1xx_HAL_Driver/Src/stm32f1xx_hal_uart.c.obj
 .text.HAL_UART_ErrorCallback
                0x080024c4        0x2 CMakeFiles/breathlight.elf.dir/Drivers/STM32F1xx_HAL_Driver/Src/stm32f1xx_hal_uart.c.obj
                0x080024c4                HAL_UART_ErrorCallback
 .text.UART_DMAAbortOnError
                0x080024c6       0x10 CMakeFiles/breathlight.elf.dir/Drivers/STM32F1xx_HAL_Driver/Src/stm32f1xx_hal_uart.c.obj
 .text.HAL_UARTEx_RxEventCallback
                0x080024d6        0x2 CMakeFiles/breathlight.elf.dir/Drivers/STM32F1xx_HAL_Driver/Src/stm32f1xx_hal_uart.c.obj
                0x080024d6                HAL_UARTEx_RxEventCallback
 .text.UART_Receive_IT
                0x080024d8       0xe6 CMakeFiles/breathlight.elf.dir/Drivers/STM32F1xx_HAL_Driver/Src/stm32f1xx_hal_uart.c.obj
 *fill*         0x080025be        0x2 
 .text.HAL_UART_IRQHandler
                0x080025c0      0x284 CMakeFiles/breathlight.elf.dir/Drivers/STM32F1xx_HAL_Driver/Src/stm32f1xx_hal_uart.c.obj
                0x080025c0                HAL_UART_IRQHandler
 .text.UART_Start_Receive_IT
                0x08002844       0x36 CMakeFiles/breathlight.elf.dir/Drivers/STM32F1xx_HAL_Driver/Src/stm32f1xx_hal_uart.c.obj
                0x08002844                UART_Start_Receive_IT
 .text.HAL_UART_Receive_IT
                0x0800287a       0x26 CMakeFiles/breathlight.elf.dir/Drivers/STM32F1xx_HAL_Driver/Src/stm32f1xx_hal_uart.c.obj
                0x0800287a                HAL_UART_Receive_IT
 .text.memset   0x080028a0       0xa0 D:/toolchain/arm-none-eabi/13.3 rel1/bin/../lib/gcc/arm-none-eabi/13.3.1/thumb/v7-m/nofp\libg.a(libc_a-memset.o)
                0x080028a0                memset
 .text.__libc_init_array
                0x08002940       0x50 D:/toolchain/arm-none-eabi/13.3 rel1/bin/../lib/gcc/arm-none-eabi/13.3.1/thumb/v7-m/nofp\libg.a(libc_a-init.o)
                0x08002940                __libc_init_array
 .text.__retarget_lock_acquire_recursive
                0x08002990        0x4 D:/toolchain/arm-none-eabi/13.3 rel1/bin/../lib/gcc/arm-none-eabi/13.3.1/thumb/v7-m/nofp\libg.a(libc_a-lock.o)
                0x08002990                __retarget_lock_acquire_recursive
 .text.__retarget_lock_release_recursive
                0x08002994        0x4 D:/toolchain/arm-none-eabi/13.3 rel1/bin/../lib/gcc/arm-none-eabi/13.3.1/thumb/v7-m/nofp\libg.a(libc_a-lock.o)
                0x08002994                __retarget_lock_release_recursive
 .text.startup.register_fini
                0x08002998       0x14 D:/toolchain/arm-none-eabi/13.3 rel1/bin/../lib/gcc/arm-none-eabi/13.3.1/thumb/v7-m/nofp\libg.a(libc_a-__call_atexit.o)
 .text.atexit   0x080029ac        0xc D:/toolchain/arm-none-eabi/13.3 rel1/bin/../lib/gcc/arm-none-eabi/13.3.1/thumb/v7-m/nofp\libg.a(libc_a-atexit.o)
                0x080029ac                atexit
 .text.__libc_fini_array
                0x080029b8       0x28 D:/toolchain/arm-none-eabi/13.3 rel1/bin/../lib/gcc/arm-none-eabi/13.3.1/thumb/v7-m/nofp\libg.a(libc_a-fini.o)
                0x080029b8                __libc_fini_array
 .text.__register_exitproc
                0x080029e0       0x80 D:/toolchain/arm-none-eabi/13.3 rel1/bin/../lib/gcc/arm-none-eabi/13.3.1/thumb/v7-m/nofp\libg.a(libc_a-__atexit.o)
                0x080029e0                __register_exitproc
 .text.sin      0x08002a60       0x94 D:/toolchain/arm-none-eabi/13.3 rel1/bin/../lib/gcc/arm-none-eabi/13.3.1/thumb/v7-m/nofp\libm.a(libm_a-s_sin.o)
                0x08002a60                sin
 *fill*         0x08002af4        0x4 
 .text.__kernel_cos
                0x08002af8      0x250 D:/toolchain/arm-none-eabi/13.3 rel1/bin/../lib/gcc/arm-none-eabi/13.3.1/thumb/v7-m/nofp\libm.a(libm_a-k_cos.o)
                0x08002af8                __kernel_cos
 .text.__kernel_sin
                0x08002d48      0x16c D:/toolchain/arm-none-eabi/13.3 rel1/bin/../lib/gcc/arm-none-eabi/13.3.1/thumb/v7-m/nofp\libm.a(libm_a-k_sin.o)
                0x08002d48                __kernel_sin
 *fill*         0x08002eb4        0x4 
 .text.__ieee754_rem_pio2
                0x08002eb8      0x40c D:/toolchain/arm-none-eabi/13.3 rel1/bin/../lib/gcc/arm-none-eabi/13.3.1/thumb/v7-m/nofp\libm.a(libm_a-e_rem_pio2.o)
                0x08002eb8                __ieee754_rem_pio2
 .text.fabs     0x080032c4        0x8 D:/toolchain/arm-none-eabi/13.3 rel1/bin/../lib/gcc/arm-none-eabi/13.3.1/thumb/v7-m/nofp\libm.a(libm_a-s_fabs.o)
                0x080032c4                fabs
 .text.__kernel_rem_pio2
                0x080032cc      0x824 D:/toolchain/arm-none-eabi/13.3 rel1/bin/../lib/gcc/arm-none-eabi/13.3.1/thumb/v7-m/nofp\libm.a(libm_a-k_rem_pio2.o)
                0x080032cc                __kernel_rem_pio2
 .text.scalbn   0x08003af0       0xfc D:/toolchain/arm-none-eabi/13.3 rel1/bin/../lib/gcc/arm-none-eabi/13.3.1/thumb/v7-m/nofp\libm.a(libm_a-s_scalbn.o)
                0x08003af0                scalbn
 *fill*         0x08003bec        0x4 
 .text.floor    0x08003bf0      0x108 D:/toolchain/arm-none-eabi/13.3 rel1/bin/../lib/gcc/arm-none-eabi/13.3.1/thumb/v7-m/nofp\libm.a(libm_a-s_floor.o)
                0x08003bf0                floor
 *(.glue_7)
 .glue_7        0x08003cf8        0x0 linker stubs
 *(.glue_7t)
 .glue_7t       0x08003cf8        0x0 linker stubs
 *(.eh_frame)
 .eh_frame      0x08003cf8        0x0 D:/toolchain/arm-none-eabi/13.3 rel1/bin/../lib/gcc/arm-none-eabi/13.3.1/thumb/v7-m/nofp/crtbegin.o
 *(.init)
 .init          0x08003cf8        0x4 D:/toolchain/arm-none-eabi/13.3 rel1/bin/../lib/gcc/arm-none-eabi/13.3.1/thumb/v7-m/nofp/crti.o
                0x08003cf8                _init
 .init          0x08003cfc        0x8 D:/toolchain/arm-none-eabi/13.3 rel1/bin/../lib/gcc/arm-none-eabi/13.3.1/thumb/v7-m/nofp/crtn.o
 *(.fini)
 .fini          0x08003d04        0x4 D:/toolchain/arm-none-eabi/13.3 rel1/bin/../lib/gcc/arm-none-eabi/13.3.1/thumb/v7-m/nofp/crti.o
                0x08003d04                _fini
 .fini          0x08003d08        0x8 D:/toolchain/arm-none-eabi/13.3 rel1/bin/../lib/gcc/arm-none-eabi/13.3.1/thumb/v7-m/nofp/crtn.o
                0x08003d10                        . = ALIGN (0x4)
                0x08003d10                        _etext = .

.vfp11_veneer   0x08003d10        0x0
 .vfp11_veneer  0x08003d10        0x0 linker stubs

.v4_bx          0x08003d10        0x0
 .v4_bx         0x08003d10        0x0 linker stubs

.iplt           0x08003d10        0x0
 .iplt          0x08003d10        0x0 D:/toolchain/arm-none-eabi/13.3 rel1/bin/../lib/gcc/arm-none-eabi/13.3.1/thumb/v7-m/nofp/crtbegin.o

.rodata         0x08003d10      0x208
                0x08003d10                        . = ALIGN (0x4)
 *(.rodata)
 *(.rodata*)
 .rodata.APBPrescTable
                0x08003d10        0x8 CMakeFiles/breathlight.elf.dir/Core/Src/system_stm32f1xx.c.obj
                0x08003d10                APBPrescTable
 .rodata.AHBPrescTable
                0x08003d18       0x10 CMakeFiles/breathlight.elf.dir/Core/Src/system_stm32f1xx.c.obj
                0x08003d18                AHBPrescTable
 .rodata.aPredivFactorTable.0
                0x08003d28        0x2 CMakeFiles/breathlight.elf.dir/Drivers/STM32F1xx_HAL_Driver/Src/stm32f1xx_hal_rcc.c.obj
 *fill*         0x08003d2a        0x2 
 .rodata.aPLLMULFactorTable.1
                0x08003d2c       0x10 CMakeFiles/breathlight.elf.dir/Drivers/STM32F1xx_HAL_Driver/Src/stm32f1xx_hal_rcc.c.obj
 .rodata.npio2_hw
                0x08003d3c       0x80 D:/toolchain/arm-none-eabi/13.3 rel1/bin/../lib/gcc/arm-none-eabi/13.3.1/thumb/v7-m/nofp\libm.a(libm_a-e_rem_pio2.o)
 .rodata.two_over_pi
                0x08003dbc      0x108 D:/toolchain/arm-none-eabi/13.3 rel1/bin/../lib/gcc/arm-none-eabi/13.3.1/thumb/v7-m/nofp\libm.a(libm_a-e_rem_pio2.o)
 *fill*         0x08003ec4        0x4 
 .rodata.PIo2   0x08003ec8       0x40 D:/toolchain/arm-none-eabi/13.3 rel1/bin/../lib/gcc/arm-none-eabi/13.3.1/thumb/v7-m/nofp\libm.a(libm_a-k_rem_pio2.o)
 .rodata.init_jk
                0x08003f08       0x10 D:/toolchain/arm-none-eabi/13.3 rel1/bin/../lib/gcc/arm-none-eabi/13.3.1/thumb/v7-m/nofp\libm.a(libm_a-k_rem_pio2.o)
                0x08003f18                        . = ALIGN (0x4)

.ARM.extab      0x08003f18        0x0
                0x08003f18                        . = ALIGN (0x4)
 *(.ARM.extab* .gnu.linkonce.armextab.*)
                0x08003f18                        . = ALIGN (0x4)

.ARM            0x08003f18        0x0
                0x08003f18                        . = ALIGN (0x4)
                0x08003f18                        __exidx_start = .
 *(.ARM.exidx*)
                0x08003f18                        __exidx_end = .
                0x08003f18                        . = ALIGN (0x4)

.preinit_array  0x08003f18        0x0
                0x08003f18                        . = ALIGN (0x4)
                0x08003f18                        PROVIDE (__preinit_array_start = .)
 *(.preinit_array*)
                0x08003f18                        PROVIDE (__preinit_array_end = .)
                0x08003f18                        . = ALIGN (0x4)

.init_array     0x08003f18        0x8
                0x08003f18                        . = ALIGN (0x4)
                0x08003f18                        PROVIDE (__init_array_start = .)
 *(SORT_BY_NAME(.init_array.*))
 .init_array.00000
                0x08003f18        0x4 D:/toolchain/arm-none-eabi/13.3 rel1/bin/../lib/gcc/arm-none-eabi/13.3.1/thumb/v7-m/nofp\libg.a(libc_a-__call_atexit.o)
 *(.init_array*)
 .init_array    0x08003f1c        0x4 D:/toolchain/arm-none-eabi/13.3 rel1/bin/../lib/gcc/arm-none-eabi/13.3.1/thumb/v7-m/nofp/crtbegin.o
                0x08003f20                        PROVIDE (__init_array_end = .)
                0x08003f20                        . = ALIGN (0x4)

.fini_array     0x08003f20        0x4
                0x08003f20                        . = ALIGN (0x4)
                0x08003f20                        PROVIDE (__fini_array_start = .)
 *(SORT_BY_NAME(.fini_array.*))
 *(.fini_array*)
 .fini_array    0x08003f20        0x4 D:/toolchain/arm-none-eabi/13.3 rel1/bin/../lib/gcc/arm-none-eabi/13.3.1/thumb/v7-m/nofp/crtbegin.o
                0x08003f24                        PROVIDE (__fini_array_end = .)
                0x08003f24                        . = ALIGN (0x4)
                0x08003f24                        _sidata = LOADADDR (.data)

.rel.dyn        0x08003f24        0x0
 .rel.iplt      0x08003f24        0x0 D:/toolchain/arm-none-eabi/13.3 rel1/bin/../lib/gcc/arm-none-eabi/13.3.1/thumb/v7-m/nofp/crtbegin.o

.data           0x20000000       0x10 load address 0x08003f24
                0x20000000                        . = ALIGN (0x4)
                0x20000000                        _sdata = .
 *(.data)
 *(.data*)
 .data.SystemCoreClock
                0x20000000        0x4 CMakeFiles/breathlight.elf.dir/Core/Src/system_stm32f1xx.c.obj
                0x20000000                SystemCoreClock
 .data.uwTickFreq
                0x20000004        0x1 CMakeFiles/breathlight.elf.dir/Drivers/STM32F1xx_HAL_Driver/Src/stm32f1xx_hal.c.obj
                0x20000004                uwTickFreq
 *fill*         0x20000005        0x3 
 .data.uwTickPrio
                0x20000008        0x4 CMakeFiles/breathlight.elf.dir/Drivers/STM32F1xx_HAL_Driver/Src/stm32f1xx_hal.c.obj
                0x20000008                uwTickPrio
 .data.__atexit_recursive_mutex
                0x2000000c        0x4 D:/toolchain/arm-none-eabi/13.3 rel1/bin/../lib/gcc/arm-none-eabi/13.3.1/thumb/v7-m/nofp\libg.a(libc_a-__call_atexit.o)
                0x2000000c                __atexit_recursive_mutex
 *(.RamFunc)
 *(.RamFunc*)
                0x20000010                        . = ALIGN (0x4)
                0x20000010                        _edata = .

.tm_clone_table
                0x20000010        0x0 load address 0x08003f34
 .tm_clone_table
                0x20000010        0x0 D:/toolchain/arm-none-eabi/13.3 rel1/bin/../lib/gcc/arm-none-eabi/13.3.1/thumb/v7-m/nofp/crtbegin.o
 .tm_clone_table
                0x20000010        0x0 D:/toolchain/arm-none-eabi/13.3 rel1/bin/../lib/gcc/arm-none-eabi/13.3.1/thumb/v7-m/nofp/crtend.o

.igot.plt       0x20000010        0x0 load address 0x08003f34
 .igot.plt      0x20000010        0x0 D:/toolchain/arm-none-eabi/13.3 rel1/bin/../lib/gcc/arm-none-eabi/13.3.1/thumb/v7-m/nofp/crtbegin.o
                0x20000010                        . = ALIGN (0x4)

.bss            0x20000010      0x24c load address 0x08003f34
                0x20000010                        _sbss = .
                0x20000010                        __bss_start__ = _sbss
 *(.bss)
 *(.bss*)
 .bss.completed.1
                0x20000010        0x1 D:/toolchain/arm-none-eabi/13.3 rel1/bin/../lib/gcc/arm-none-eabi/13.3.1/thumb/v7-m/nofp/crtbegin.o
 *fill*         0x20000011        0x3 
 .bss.object.0  0x20000014       0x18 D:/toolchain/arm-none-eabi/13.3 rel1/bin/../lib/gcc/arm-none-eabi/13.3.1/thumb/v7-m/nofp/crtbegin.o
 .bss.mode      0x2000002c        0x1 CMakeFiles/breathlight.elf.dir/Core/Src/main.c.obj
 .bss.dataRcvd  0x2000002d        0x1 CMakeFiles/breathlight.elf.dir/Core/Src/main.c.obj
 *fill*         0x2000002e        0x2 
 .bss.htim1     0x20000030       0x48 CMakeFiles/breathlight.elf.dir/Core/Src/tim.c.obj
                0x20000030                htim1
 .bss.huart1    0x20000078       0x48 CMakeFiles/breathlight.elf.dir/Core/Src/usart.c.obj
                0x20000078                huart1
 .bss.uwTick    0x200000c0        0x4 CMakeFiles/breathlight.elf.dir/Drivers/STM32F1xx_HAL_Driver/Src/stm32f1xx_hal.c.obj
                0x200000c0                uwTick
 .bss.__lock___atexit_recursive_mutex
                0x200000c4        0x1 D:/toolchain/arm-none-eabi/13.3 rel1/bin/../lib/gcc/arm-none-eabi/13.3.1/thumb/v7-m/nofp\libg.a(libc_a-lock.o)
                0x200000c4                __lock___atexit_recursive_mutex
 *fill*         0x200000c5        0x3 
 .bss.__atexit  0x200000c8        0x4 D:/toolchain/arm-none-eabi/13.3 rel1/bin/../lib/gcc/arm-none-eabi/13.3.1/thumb/v7-m/nofp\libg.a(libc_a-__call_atexit.o)
                0x200000c8                __atexit
 .bss.__atexit0
                0x200000cc      0x190 D:/toolchain/arm-none-eabi/13.3 rel1/bin/../lib/gcc/arm-none-eabi/13.3.1/thumb/v7-m/nofp\libg.a(libc_a-__atexit.o)
                0x200000cc                __atexit0
 *(COMMON)
                0x2000025c                        . = ALIGN (0x4)
                0x2000025c                        _ebss = .
                0x2000025c                        __bss_end__ = _ebss

._user_heap_stack
                0x2000025c      0x604 load address 0x08003f34
                0x20000260                        . = ALIGN (0x8)
 *fill*         0x2000025c        0x4 
                [!provide]                        PROVIDE (end = .)
                0x20000260                        PROVIDE (_end = .)
                0x20000460                        . = (. + _Min_Heap_Size)
 *fill*         0x20000260      0x200 
                0x20000860                        . = (. + _Min_Stack_Size)
 *fill*         0x20000460      0x400 
                0x20000860                        . = ALIGN (0x8)

/DISCARD/
 libc.a(*)
 libm.a(*)
 libgcc.a(*)

.ARM.attributes
                0x00000000       0x29
 *(.ARM.attributes)
 .ARM.attributes
                0x00000000       0x1d D:/toolchain/arm-none-eabi/13.3 rel1/bin/../lib/gcc/arm-none-eabi/13.3.1/thumb/v7-m/nofp/crti.o
 .ARM.attributes
                0x0000001d       0x2d D:/toolchain/arm-none-eabi/13.3 rel1/bin/../lib/gcc/arm-none-eabi/13.3.1/thumb/v7-m/nofp/crtbegin.o
 .ARM.attributes
                0x0000004a       0x2d CMakeFiles/breathlight.elf.dir/Core/Src/gpio.c.obj
 .ARM.attributes
                0x00000077       0x2d CMakeFiles/breathlight.elf.dir/Core/Src/main.c.obj
 .ARM.attributes
                0x000000a4       0x2d CMakeFiles/breathlight.elf.dir/Core/Src/stm32f1xx_hal_msp.c.obj
 .ARM.attributes
                0x000000d1       0x2d CMakeFiles/breathlight.elf.dir/Core/Src/stm32f1xx_it.c.obj
 .ARM.attributes
                0x000000fe       0x2d CMakeFiles/breathlight.elf.dir/Core/Src/system_stm32f1xx.c.obj
 .ARM.attributes
                0x0000012b       0x2d CMakeFiles/breathlight.elf.dir/Core/Src/tim.c.obj
 .ARM.attributes
                0x00000158       0x2d CMakeFiles/breathlight.elf.dir/Core/Src/usart.c.obj
 .ARM.attributes
                0x00000185       0x21 CMakeFiles/breathlight.elf.dir/Core/Startup/startup_stm32f103c8tx.s.obj
 .ARM.attributes
                0x000001a6       0x2d CMakeFiles/breathlight.elf.dir/Drivers/STM32F1xx_HAL_Driver/Src/stm32f1xx_hal.c.obj
 .ARM.attributes
                0x000001d3       0x2d CMakeFiles/breathlight.elf.dir/Drivers/STM32F1xx_HAL_Driver/Src/stm32f1xx_hal_cortex.c.obj
 .ARM.attributes
                0x00000200       0x2d CMakeFiles/breathlight.elf.dir/Drivers/STM32F1xx_HAL_Driver/Src/stm32f1xx_hal_dma.c.obj
 .ARM.attributes
                0x0000022d       0x2d CMakeFiles/breathlight.elf.dir/Drivers/STM32F1xx_HAL_Driver/Src/stm32f1xx_hal_gpio.c.obj
 .ARM.attributes
                0x0000025a       0x2d CMakeFiles/breathlight.elf.dir/Drivers/STM32F1xx_HAL_Driver/Src/stm32f1xx_hal_rcc.c.obj
 .ARM.attributes
                0x00000287       0x2d CMakeFiles/breathlight.elf.dir/Drivers/STM32F1xx_HAL_Driver/Src/stm32f1xx_hal_tim.c.obj
 .ARM.attributes
                0x000002b4       0x2d CMakeFiles/breathlight.elf.dir/Drivers/STM32F1xx_HAL_Driver/Src/stm32f1xx_hal_tim_ex.c.obj
 .ARM.attributes
                0x000002e1       0x2d CMakeFiles/breathlight.elf.dir/Drivers/STM32F1xx_HAL_Driver/Src/stm32f1xx_hal_uart.c.obj
 .ARM.attributes
                0x0000030e       0x1d D:/toolchain/arm-none-eabi/13.3 rel1/bin/../lib/gcc/arm-none-eabi/13.3.1/thumb/v7-m/nofp\libgcc.a(_arm_muldf3.o)
 .ARM.attributes
                0x0000032b       0x1d D:/toolchain/arm-none-eabi/13.3 rel1/bin/../lib/gcc/arm-none-eabi/13.3.1/thumb/v7-m/nofp\libgcc.a(_arm_mulsf3.o)
 .ARM.attributes
                0x00000348       0x1d D:/toolchain/arm-none-eabi/13.3 rel1/bin/../lib/gcc/arm-none-eabi/13.3.1/thumb/v7-m/nofp\libgcc.a(_arm_addsubdf3.o)
 .ARM.attributes
                0x00000365       0x1d D:/toolchain/arm-none-eabi/13.3 rel1/bin/../lib/gcc/arm-none-eabi/13.3.1/thumb/v7-m/nofp\libgcc.a(_arm_truncdfsf2.o)
 .ARM.attributes
                0x00000382       0x1d D:/toolchain/arm-none-eabi/13.3 rel1/bin/../lib/gcc/arm-none-eabi/13.3.1/thumb/v7-m/nofp\libgcc.a(_arm_addsubsf3.o)
 .ARM.attributes
                0x0000039f       0x1d D:/toolchain/arm-none-eabi/13.3 rel1/bin/../lib/gcc/arm-none-eabi/13.3.1/thumb/v7-m/nofp\libgcc.a(_arm_fixunssfsi.o)
 .ARM.attributes
                0x000003bc       0x2d D:/toolchain/arm-none-eabi/13.3 rel1/bin/../lib/gcc/arm-none-eabi/13.3.1/thumb/v7-m/nofp\libg.a(libc_a-memset.o)
 .ARM.attributes
                0x000003e9       0x2d D:/toolchain/arm-none-eabi/13.3 rel1/bin/../lib/gcc/arm-none-eabi/13.3.1/thumb/v7-m/nofp\libg.a(libc_a-init.o)
 .ARM.attributes
                0x00000416       0x2d D:/toolchain/arm-none-eabi/13.3 rel1/bin/../lib/gcc/arm-none-eabi/13.3.1/thumb/v7-m/nofp\libg.a(libc_a-lock.o)
 .ARM.attributes
                0x00000443       0x2d D:/toolchain/arm-none-eabi/13.3 rel1/bin/../lib/gcc/arm-none-eabi/13.3.1/thumb/v7-m/nofp\libg.a(libc_a-__call_atexit.o)
 .ARM.attributes
                0x00000470       0x2d D:/toolchain/arm-none-eabi/13.3 rel1/bin/../lib/gcc/arm-none-eabi/13.3.1/thumb/v7-m/nofp\libg.a(libc_a-atexit.o)
 .ARM.attributes
                0x0000049d       0x2d D:/toolchain/arm-none-eabi/13.3 rel1/bin/../lib/gcc/arm-none-eabi/13.3.1/thumb/v7-m/nofp\libg.a(libc_a-fini.o)
 .ARM.attributes
                0x000004ca       0x2d D:/toolchain/arm-none-eabi/13.3 rel1/bin/../lib/gcc/arm-none-eabi/13.3.1/thumb/v7-m/nofp\libg.a(libc_a-__atexit.o)
 .ARM.attributes
                0x000004f7       0x2d D:/toolchain/arm-none-eabi/13.3 rel1/bin/../lib/gcc/arm-none-eabi/13.3.1/thumb/v7-m/nofp/crtend.o
 .ARM.attributes
                0x00000524       0x1d D:/toolchain/arm-none-eabi/13.3 rel1/bin/../lib/gcc/arm-none-eabi/13.3.1/thumb/v7-m/nofp/crtn.o
OUTPUT(breathlight.elf elf32-littlearm)
LOAD linker stubs
LOAD D:/toolchain/arm-none-eabi/13.3 rel1/bin/../lib/gcc/arm-none-eabi/13.3.1/thumb/v7-m/nofp\libc.a
LOAD D:/toolchain/arm-none-eabi/13.3 rel1/bin/../lib/gcc/arm-none-eabi/13.3.1/thumb/v7-m/nofp\libm.a
LOAD D:/toolchain/arm-none-eabi/13.3 rel1/bin/../lib/gcc/arm-none-eabi/13.3.1/thumb/v7-m/nofp\libgcc.a

.debug_info     0x00000000     0xf17f
 .debug_info    0x00000000      0x165 CMakeFiles/breathlight.elf.dir/Core/Src/gpio.c.obj
 .debug_info    0x00000165      0xd4f CMakeFiles/breathlight.elf.dir/Core/Src/main.c.obj
 .debug_info    0x00000eb4      0x1f4 CMakeFiles/breathlight.elf.dir/Core/Src/stm32f1xx_hal_msp.c.obj
 .debug_info    0x000010a8      0x603 CMakeFiles/breathlight.elf.dir/Core/Src/stm32f1xx_it.c.obj
 .debug_info    0x000016ab      0x22d CMakeFiles/breathlight.elf.dir/Core/Src/system_stm32f1xx.c.obj
 .debug_info    0x000018d8      0xc18 CMakeFiles/breathlight.elf.dir/Core/Src/tim.c.obj
 .debug_info    0x000024f0      0x9e7 CMakeFiles/breathlight.elf.dir/Core/Src/usart.c.obj
 .debug_info    0x00002ed7       0x30 CMakeFiles/breathlight.elf.dir/Core/Startup/startup_stm32f103c8tx.s.obj
 .debug_info    0x00002f07      0x7a2 CMakeFiles/breathlight.elf.dir/Drivers/STM32F1xx_HAL_Driver/Src/stm32f1xx_hal.c.obj
 .debug_info    0x000036a9      0xcd9 CMakeFiles/breathlight.elf.dir/Drivers/STM32F1xx_HAL_Driver/Src/stm32f1xx_hal_cortex.c.obj
 .debug_info    0x00004382      0x7f2 CMakeFiles/breathlight.elf.dir/Drivers/STM32F1xx_HAL_Driver/Src/stm32f1xx_hal_dma.c.obj
 .debug_info    0x00004b74      0x604 CMakeFiles/breathlight.elf.dir/Drivers/STM32F1xx_HAL_Driver/Src/stm32f1xx_hal_gpio.c.obj
 .debug_info    0x00005178      0x9c7 CMakeFiles/breathlight.elf.dir/Drivers/STM32F1xx_HAL_Driver/Src/stm32f1xx_hal_rcc.c.obj
 .debug_info    0x00005b3f     0x3c0f CMakeFiles/breathlight.elf.dir/Drivers/STM32F1xx_HAL_Driver/Src/stm32f1xx_hal_tim.c.obj
 .debug_info    0x0000974e     0x1aac CMakeFiles/breathlight.elf.dir/Drivers/STM32F1xx_HAL_Driver/Src/stm32f1xx_hal_tim_ex.c.obj
 .debug_info    0x0000b1fa     0x3f85 CMakeFiles/breathlight.elf.dir/Drivers/STM32F1xx_HAL_Driver/Src/stm32f1xx_hal_uart.c.obj

.debug_abbrev   0x00000000     0x201e
 .debug_abbrev  0x00000000       0xc4 CMakeFiles/breathlight.elf.dir/Core/Src/gpio.c.obj
 .debug_abbrev  0x000000c4      0x2a3 CMakeFiles/breathlight.elf.dir/Core/Src/main.c.obj
 .debug_abbrev  0x00000367       0xed CMakeFiles/breathlight.elf.dir/Core/Src/stm32f1xx_hal_msp.c.obj
 .debug_abbrev  0x00000454      0x17f CMakeFiles/breathlight.elf.dir/Core/Src/stm32f1xx_it.c.obj
 .debug_abbrev  0x000005d3      0x143 CMakeFiles/breathlight.elf.dir/Core/Src/system_stm32f1xx.c.obj
 .debug_abbrev  0x00000716      0x252 CMakeFiles/breathlight.elf.dir/Core/Src/tim.c.obj
 .debug_abbrev  0x00000968      0x223 CMakeFiles/breathlight.elf.dir/Core/Src/usart.c.obj
 .debug_abbrev  0x00000b8b       0x24 CMakeFiles/breathlight.elf.dir/Core/Startup/startup_stm32f103c8tx.s.obj
 .debug_abbrev  0x00000baf      0x22d CMakeFiles/breathlight.elf.dir/Drivers/STM32F1xx_HAL_Driver/Src/stm32f1xx_hal.c.obj
 .debug_abbrev  0x00000ddc      0x36d CMakeFiles/breathlight.elf.dir/Drivers/STM32F1xx_HAL_Driver/Src/stm32f1xx_hal_cortex.c.obj
 .debug_abbrev  0x00001149      0x244 CMakeFiles/breathlight.elf.dir/Drivers/STM32F1xx_HAL_Driver/Src/stm32f1xx_hal_dma.c.obj
 .debug_abbrev  0x0000138d      0x1f7 CMakeFiles/breathlight.elf.dir/Drivers/STM32F1xx_HAL_Driver/Src/stm32f1xx_hal_gpio.c.obj
 .debug_abbrev  0x00001584      0x2a0 CMakeFiles/breathlight.elf.dir/Drivers/STM32F1xx_HAL_Driver/Src/stm32f1xx_hal_rcc.c.obj
 .debug_abbrev  0x00001824      0x270 CMakeFiles/breathlight.elf.dir/Drivers/STM32F1xx_HAL_Driver/Src/stm32f1xx_hal_tim.c.obj
 .debug_abbrev  0x00001a94      0x26e CMakeFiles/breathlight.elf.dir/Drivers/STM32F1xx_HAL_Driver/Src/stm32f1xx_hal_tim_ex.c.obj
 .debug_abbrev  0x00001d02      0x31c CMakeFiles/breathlight.elf.dir/Drivers/STM32F1xx_HAL_Driver/Src/stm32f1xx_hal_uart.c.obj

.debug_aranges  0x00000000      0xbe0
 .debug_aranges
                0x00000000       0x20 CMakeFiles/breathlight.elf.dir/Core/Src/gpio.c.obj
 .debug_aranges
                0x00000020       0x38 CMakeFiles/breathlight.elf.dir/Core/Src/main.c.obj
 .debug_aranges
                0x00000058       0x20 CMakeFiles/breathlight.elf.dir/Core/Src/stm32f1xx_hal_msp.c.obj
 .debug_aranges
                0x00000078       0x68 CMakeFiles/breathlight.elf.dir/Core/Src/stm32f1xx_it.c.obj
 .debug_aranges
                0x000000e0       0x28 CMakeFiles/breathlight.elf.dir/Core/Src/system_stm32f1xx.c.obj
 .debug_aranges
                0x00000108       0x38 CMakeFiles/breathlight.elf.dir/Core/Src/tim.c.obj
 .debug_aranges
                0x00000140       0x30 CMakeFiles/breathlight.elf.dir/Core/Src/usart.c.obj
 .debug_aranges
                0x00000170       0x28 CMakeFiles/breathlight.elf.dir/Core/Startup/startup_stm32f103c8tx.s.obj
 .debug_aranges
                0x00000198       0xe0 CMakeFiles/breathlight.elf.dir/Drivers/STM32F1xx_HAL_Driver/Src/stm32f1xx_hal.c.obj
 .debug_aranges
                0x00000278       0xc0 CMakeFiles/breathlight.elf.dir/Drivers/STM32F1xx_HAL_Driver/Src/stm32f1xx_hal_cortex.c.obj
 .debug_aranges
                0x00000338       0x80 CMakeFiles/breathlight.elf.dir/Drivers/STM32F1xx_HAL_Driver/Src/stm32f1xx_hal_dma.c.obj
 .debug_aranges
                0x000003b8       0x58 CMakeFiles/breathlight.elf.dir/Drivers/STM32F1xx_HAL_Driver/Src/stm32f1xx_hal_gpio.c.obj
 .debug_aranges
                0x00000410       0x90 CMakeFiles/breathlight.elf.dir/Drivers/STM32F1xx_HAL_Driver/Src/stm32f1xx_hal_rcc.c.obj
 .debug_aranges
                0x000004a0      0x3d0 CMakeFiles/breathlight.elf.dir/Drivers/STM32F1xx_HAL_Driver/Src/stm32f1xx_hal_tim.c.obj
 .debug_aranges
                0x00000870      0x168 CMakeFiles/breathlight.elf.dir/Drivers/STM32F1xx_HAL_Driver/Src/stm32f1xx_hal_tim_ex.c.obj
 .debug_aranges
                0x000009d8      0x208 CMakeFiles/breathlight.elf.dir/Drivers/STM32F1xx_HAL_Driver/Src/stm32f1xx_hal_uart.c.obj

.debug_rnglists
                0x00000000      0x910
 .debug_rnglists
                0x00000000       0x13 CMakeFiles/breathlight.elf.dir/Core/Src/gpio.c.obj
 .debug_rnglists
                0x00000013       0x26 CMakeFiles/breathlight.elf.dir/Core/Src/main.c.obj
 .debug_rnglists
                0x00000039       0x13 CMakeFiles/breathlight.elf.dir/Core/Src/stm32f1xx_hal_msp.c.obj
 .debug_rnglists
                0x0000004c       0x49 CMakeFiles/breathlight.elf.dir/Core/Src/stm32f1xx_it.c.obj
 .debug_rnglists
                0x00000095       0x1a CMakeFiles/breathlight.elf.dir/Core/Src/system_stm32f1xx.c.obj
 .debug_rnglists
                0x000000af       0x26 CMakeFiles/breathlight.elf.dir/Core/Src/tim.c.obj
 .debug_rnglists
                0x000000d5       0x20 CMakeFiles/breathlight.elf.dir/Core/Src/usart.c.obj
 .debug_rnglists
                0x000000f5       0x19 CMakeFiles/breathlight.elf.dir/Core/Startup/startup_stm32f103c8tx.s.obj
 .debug_rnglists
                0x0000010e       0xa3 CMakeFiles/breathlight.elf.dir/Drivers/STM32F1xx_HAL_Driver/Src/stm32f1xx_hal.c.obj
 .debug_rnglists
                0x000001b1       0x8b CMakeFiles/breathlight.elf.dir/Drivers/STM32F1xx_HAL_Driver/Src/stm32f1xx_hal_cortex.c.obj
 .debug_rnglists
                0x0000023c       0x5e CMakeFiles/breathlight.elf.dir/Drivers/STM32F1xx_HAL_Driver/Src/stm32f1xx_hal_dma.c.obj
 .debug_rnglists
                0x0000029a       0x3f CMakeFiles/breathlight.elf.dir/Drivers/STM32F1xx_HAL_Driver/Src/stm32f1xx_hal_gpio.c.obj
 .debug_rnglists
                0x000002d9       0x7d CMakeFiles/breathlight.elf.dir/Drivers/STM32F1xx_HAL_Driver/Src/stm32f1xx_hal_rcc.c.obj
 .debug_rnglists
                0x00000356      0x2ff CMakeFiles/breathlight.elf.dir/Drivers/STM32F1xx_HAL_Driver/Src/stm32f1xx_hal_tim.c.obj
 .debug_rnglists
                0x00000655      0x11a CMakeFiles/breathlight.elf.dir/Drivers/STM32F1xx_HAL_Driver/Src/stm32f1xx_hal_tim_ex.c.obj
 .debug_rnglists
                0x0000076f      0x1a1 CMakeFiles/breathlight.elf.dir/Drivers/STM32F1xx_HAL_Driver/Src/stm32f1xx_hal_uart.c.obj

.debug_line     0x00000000     0xd5dc
 .debug_line    0x00000000      0x183 CMakeFiles/breathlight.elf.dir/Core/Src/gpio.c.obj
 .debug_line    0x00000183      0x4d1 CMakeFiles/breathlight.elf.dir/Core/Src/main.c.obj
 .debug_line    0x00000654      0x196 CMakeFiles/breathlight.elf.dir/Core/Src/stm32f1xx_hal_msp.c.obj
 .debug_line    0x000007ea      0x2f5 CMakeFiles/breathlight.elf.dir/Core/Src/stm32f1xx_it.c.obj
 .debug_line    0x00000adf      0x25f CMakeFiles/breathlight.elf.dir/Core/Src/system_stm32f1xx.c.obj
 .debug_line    0x00000d3e      0x482 CMakeFiles/breathlight.elf.dir/Core/Src/tim.c.obj
 .debug_line    0x000011c0      0x382 CMakeFiles/breathlight.elf.dir/Core/Src/usart.c.obj
 .debug_line    0x00001542       0x78 CMakeFiles/breathlight.elf.dir/Core/Startup/startup_stm32f103c8tx.s.obj
 .debug_line    0x000015ba      0x59a CMakeFiles/breathlight.elf.dir/Drivers/STM32F1xx_HAL_Driver/Src/stm32f1xx_hal.c.obj
 .debug_line    0x00001b54      0x6ea CMakeFiles/breathlight.elf.dir/Drivers/STM32F1xx_HAL_Driver/Src/stm32f1xx_hal_cortex.c.obj
 .debug_line    0x0000223e      0xb32 CMakeFiles/breathlight.elf.dir/Drivers/STM32F1xx_HAL_Driver/Src/stm32f1xx_hal_dma.c.obj
 .debug_line    0x00002d70      0x613 CMakeFiles/breathlight.elf.dir/Drivers/STM32F1xx_HAL_Driver/Src/stm32f1xx_hal_gpio.c.obj
 .debug_line    0x00003383      0xced CMakeFiles/breathlight.elf.dir/Drivers/STM32F1xx_HAL_Driver/Src/stm32f1xx_hal_rcc.c.obj
 .debug_line    0x00004070     0x4632 CMakeFiles/breathlight.elf.dir/Drivers/STM32F1xx_HAL_Driver/Src/stm32f1xx_hal_tim.c.obj
 .debug_line    0x000086a2     0x1a2f CMakeFiles/breathlight.elf.dir/Drivers/STM32F1xx_HAL_Driver/Src/stm32f1xx_hal_tim_ex.c.obj
 .debug_line    0x0000a0d1     0x350b CMakeFiles/breathlight.elf.dir/Drivers/STM32F1xx_HAL_Driver/Src/stm32f1xx_hal_uart.c.obj

.debug_str      0x00000000     0x39b2
 .debug_str     0x00000000     0x39b2 CMakeFiles/breathlight.elf.dir/Core/Src/gpio.c.obj
                                0x225 (size before relaxing)
 .debug_str     0x000039b2      0xb8e CMakeFiles/breathlight.elf.dir/Core/Src/main.c.obj
 .debug_str     0x000039b2      0x25f CMakeFiles/breathlight.elf.dir/Core/Src/stm32f1xx_hal_msp.c.obj
 .debug_str     0x000039b2      0x69d CMakeFiles/breathlight.elf.dir/Core/Src/stm32f1xx_it.c.obj
 .debug_str     0x000039b2      0x294 CMakeFiles/breathlight.elf.dir/Core/Src/system_stm32f1xx.c.obj
 .debug_str     0x000039b2      0xa40 CMakeFiles/breathlight.elf.dir/Core/Src/tim.c.obj
 .debug_str     0x000039b2      0xa2d CMakeFiles/breathlight.elf.dir/Core/Src/usart.c.obj
 .debug_str     0x000039b2       0xa5 CMakeFiles/breathlight.elf.dir/Core/Startup/startup_stm32f103c8tx.s.obj
 .debug_str     0x000039b2      0x86e CMakeFiles/breathlight.elf.dir/Drivers/STM32F1xx_HAL_Driver/Src/stm32f1xx_hal.c.obj
 .debug_str     0x000039b2      0x913 CMakeFiles/breathlight.elf.dir/Drivers/STM32F1xx_HAL_Driver/Src/stm32f1xx_hal_cortex.c.obj
 .debug_str     0x000039b2      0x63d CMakeFiles/breathlight.elf.dir/Drivers/STM32F1xx_HAL_Driver/Src/stm32f1xx_hal_dma.c.obj
 .debug_str     0x000039b2      0x440 CMakeFiles/breathlight.elf.dir/Drivers/STM32F1xx_HAL_Driver/Src/stm32f1xx_hal_gpio.c.obj
 .debug_str     0x000039b2      0x66b CMakeFiles/breathlight.elf.dir/Drivers/STM32F1xx_HAL_Driver/Src/stm32f1xx_hal_rcc.c.obj
 .debug_str     0x000039b2     0x16c5 CMakeFiles/breathlight.elf.dir/Drivers/STM32F1xx_HAL_Driver/Src/stm32f1xx_hal_tim.c.obj
 .debug_str     0x000039b2      0xed1 CMakeFiles/breathlight.elf.dir/Drivers/STM32F1xx_HAL_Driver/Src/stm32f1xx_hal_tim_ex.c.obj
 .debug_str     0x000039b2      0xd34 CMakeFiles/breathlight.elf.dir/Drivers/STM32F1xx_HAL_Driver/Src/stm32f1xx_hal_uart.c.obj

.comment        0x00000000       0x45
 .comment       0x00000000       0x45 CMakeFiles/breathlight.elf.dir/Core/Src/gpio.c.obj
                                 0x46 (size before relaxing)
 .comment       0x00000045       0x46 CMakeFiles/breathlight.elf.dir/Core/Src/main.c.obj
 .comment       0x00000045       0x46 CMakeFiles/breathlight.elf.dir/Core/Src/stm32f1xx_hal_msp.c.obj
 .comment       0x00000045       0x46 CMakeFiles/breathlight.elf.dir/Core/Src/stm32f1xx_it.c.obj
 .comment       0x00000045       0x46 CMakeFiles/breathlight.elf.dir/Core/Src/system_stm32f1xx.c.obj
 .comment       0x00000045       0x46 CMakeFiles/breathlight.elf.dir/Core/Src/tim.c.obj
 .comment       0x00000045       0x46 CMakeFiles/breathlight.elf.dir/Core/Src/usart.c.obj
 .comment       0x00000045       0x46 CMakeFiles/breathlight.elf.dir/Drivers/STM32F1xx_HAL_Driver/Src/stm32f1xx_hal.c.obj
 .comment       0x00000045       0x46 CMakeFiles/breathlight.elf.dir/Drivers/STM32F1xx_HAL_Driver/Src/stm32f1xx_hal_cortex.c.obj
 .comment       0x00000045       0x46 CMakeFiles/breathlight.elf.dir/Drivers/STM32F1xx_HAL_Driver/Src/stm32f1xx_hal_dma.c.obj
 .comment       0x00000045       0x46 CMakeFiles/breathlight.elf.dir/Drivers/STM32F1xx_HAL_Driver/Src/stm32f1xx_hal_gpio.c.obj
 .comment       0x00000045       0x46 CMakeFiles/breathlight.elf.dir/Drivers/STM32F1xx_HAL_Driver/Src/stm32f1xx_hal_rcc.c.obj
 .comment       0x00000045       0x46 CMakeFiles/breathlight.elf.dir/Drivers/STM32F1xx_HAL_Driver/Src/stm32f1xx_hal_tim.c.obj
 .comment       0x00000045       0x46 CMakeFiles/breathlight.elf.dir/Drivers/STM32F1xx_HAL_Driver/Src/stm32f1xx_hal_tim_ex.c.obj
 .comment       0x00000045       0x46 CMakeFiles/breathlight.elf.dir/Drivers/STM32F1xx_HAL_Driver/Src/stm32f1xx_hal_uart.c.obj

.debug_frame    0x00000000     0x2234
 .debug_frame   0x00000000       0x28 CMakeFiles/breathlight.elf.dir/Core/Src/gpio.c.obj
 .debug_frame   0x00000028       0x74 CMakeFiles/breathlight.elf.dir/Core/Src/main.c.obj
 .debug_frame   0x0000009c       0x28 CMakeFiles/breathlight.elf.dir/Core/Src/stm32f1xx_hal_msp.c.obj
 .debug_frame   0x000000c4       0xc0 CMakeFiles/breathlight.elf.dir/Core/Src/stm32f1xx_it.c.obj
 .debug_frame   0x00000184       0x30 CMakeFiles/breathlight.elf.dir/Core/Src/system_stm32f1xx.c.obj
 .debug_frame   0x000001b4       0x7c CMakeFiles/breathlight.elf.dir/Core/Src/tim.c.obj
 .debug_frame   0x00000230       0x64 CMakeFiles/breathlight.elf.dir/Core/Src/usart.c.obj
 .debug_frame   0x00000294      0x1cc CMakeFiles/breathlight.elf.dir/Drivers/STM32F1xx_HAL_Driver/Src/stm32f1xx_hal.c.obj
 .debug_frame   0x00000460      0x19c CMakeFiles/breathlight.elf.dir/Drivers/STM32F1xx_HAL_Driver/Src/stm32f1xx_hal_cortex.c.obj
 .debug_frame   0x000005fc      0x144 CMakeFiles/breathlight.elf.dir/Drivers/STM32F1xx_HAL_Driver/Src/stm32f1xx_hal_dma.c.obj
 .debug_frame   0x00000740       0xe4 CMakeFiles/breathlight.elf.dir/Drivers/STM32F1xx_HAL_Driver/Src/stm32f1xx_hal_gpio.c.obj
 .debug_frame   0x00000824      0x184 CMakeFiles/breathlight.elf.dir/Drivers/STM32F1xx_HAL_Driver/Src/stm32f1xx_hal_rcc.c.obj
 .debug_frame   0x000009a8      0xb18 CMakeFiles/breathlight.elf.dir/Drivers/STM32F1xx_HAL_Driver/Src/stm32f1xx_hal_tim.c.obj
 .debug_frame   0x000014c0      0x418 CMakeFiles/breathlight.elf.dir/Drivers/STM32F1xx_HAL_Driver/Src/stm32f1xx_hal_tim_ex.c.obj
 .debug_frame   0x000018d8      0x5dc CMakeFiles/breathlight.elf.dir/Drivers/STM32F1xx_HAL_Driver/Src/stm32f1xx_hal_uart.c.obj
 .debug_frame   0x00001eb4       0x30 D:/toolchain/arm-none-eabi/13.3 rel1/bin/../lib/gcc/arm-none-eabi/13.3.1/thumb/v7-m/nofp\libgcc.a(_arm_muldf3.o)
 .debug_frame   0x00001ee4       0x24 D:/toolchain/arm-none-eabi/13.3 rel1/bin/../lib/gcc/arm-none-eabi/13.3.1/thumb/v7-m/nofp\libgcc.a(_arm_mulsf3.o)
 .debug_frame   0x00001f08       0xac D:/toolchain/arm-none-eabi/13.3 rel1/bin/../lib/gcc/arm-none-eabi/13.3.1/thumb/v7-m/nofp\libgcc.a(_arm_addsubdf3.o)
 .debug_frame   0x00001fb4       0x24 D:/toolchain/arm-none-eabi/13.3 rel1/bin/../lib/gcc/arm-none-eabi/13.3.1/thumb/v7-m/nofp\libgcc.a(_arm_truncdfsf2.o)
 .debug_frame   0x00001fd8       0x4c D:/toolchain/arm-none-eabi/13.3 rel1/bin/../lib/gcc/arm-none-eabi/13.3.1/thumb/v7-m/nofp\libgcc.a(_arm_addsubsf3.o)
 .debug_frame   0x00002024       0x24 D:/toolchain/arm-none-eabi/13.3 rel1/bin/../lib/gcc/arm-none-eabi/13.3.1/thumb/v7-m/nofp\libgcc.a(_arm_fixunssfsi.o)
 .debug_frame   0x00002048       0x2c D:/toolchain/arm-none-eabi/13.3 rel1/bin/../lib/gcc/arm-none-eabi/13.3.1/thumb/v7-m/nofp\libg.a(libc_a-memset.o)
 .debug_frame   0x00002074       0x2c D:/toolchain/arm-none-eabi/13.3 rel1/bin/../lib/gcc/arm-none-eabi/13.3.1/thumb/v7-m/nofp\libg.a(libc_a-init.o)
 .debug_frame   0x000020a0       0xb0 D:/toolchain/arm-none-eabi/13.3 rel1/bin/../lib/gcc/arm-none-eabi/13.3.1/thumb/v7-m/nofp\libg.a(libc_a-lock.o)
 .debug_frame   0x00002150       0x5c D:/toolchain/arm-none-eabi/13.3 rel1/bin/../lib/gcc/arm-none-eabi/13.3.1/thumb/v7-m/nofp\libg.a(libc_a-__call_atexit.o)
 .debug_frame   0x000021ac       0x20 D:/toolchain/arm-none-eabi/13.3 rel1/bin/../lib/gcc/arm-none-eabi/13.3.1/thumb/v7-m/nofp\libg.a(libc_a-atexit.o)
 .debug_frame   0x000021cc       0x34 D:/toolchain/arm-none-eabi/13.3 rel1/bin/../lib/gcc/arm-none-eabi/13.3.1/thumb/v7-m/nofp\libg.a(libc_a-fini.o)
 .debug_frame   0x00002200       0x34 D:/toolchain/arm-none-eabi/13.3 rel1/bin/../lib/gcc/arm-none-eabi/13.3.1/thumb/v7-m/nofp\libg.a(libc_a-__atexit.o)

.debug_loclists
                0x00000000     0x8cc6
 .debug_loclists
                0x00000000       0x91 CMakeFiles/breathlight.elf.dir/Core/Src/main.c.obj
 .debug_loclists
                0x00000091       0x17 CMakeFiles/breathlight.elf.dir/Core/Src/stm32f1xx_hal_msp.c.obj
 .debug_loclists
                0x000000a8       0xb7 CMakeFiles/breathlight.elf.dir/Core/Src/system_stm32f1xx.c.obj
 .debug_loclists
                0x0000015f       0x40 CMakeFiles/breathlight.elf.dir/Core/Src/tim.c.obj
 .debug_loclists
                0x0000019f       0x75 CMakeFiles/breathlight.elf.dir/Core/Src/usart.c.obj
 .debug_loclists
                0x00000214       0xe1 CMakeFiles/breathlight.elf.dir/Drivers/STM32F1xx_HAL_Driver/Src/stm32f1xx_hal.c.obj
 .debug_loclists
                0x000002f5      0x530 CMakeFiles/breathlight.elf.dir/Drivers/STM32F1xx_HAL_Driver/Src/stm32f1xx_hal_cortex.c.obj
 .debug_loclists
                0x00000825      0x562 CMakeFiles/breathlight.elf.dir/Drivers/STM32F1xx_HAL_Driver/Src/stm32f1xx_hal_dma.c.obj
 .debug_loclists
                0x00000d87      0x318 CMakeFiles/breathlight.elf.dir/Drivers/STM32F1xx_HAL_Driver/Src/stm32f1xx_hal_gpio.c.obj
 .debug_loclists
                0x0000109f      0x42e CMakeFiles/breathlight.elf.dir/Drivers/STM32F1xx_HAL_Driver/Src/stm32f1xx_hal_rcc.c.obj
 .debug_loclists
                0x000014cd     0x37db CMakeFiles/breathlight.elf.dir/Drivers/STM32F1xx_HAL_Driver/Src/stm32f1xx_hal_tim.c.obj
 .debug_loclists
                0x00004ca8     0x1398 CMakeFiles/breathlight.elf.dir/Drivers/STM32F1xx_HAL_Driver/Src/stm32f1xx_hal_tim_ex.c.obj
 .debug_loclists
                0x00006040     0x2c86 CMakeFiles/breathlight.elf.dir/Drivers/STM32F1xx_HAL_Driver/Src/stm32f1xx_hal_uart.c.obj

.debug_line_str
                0x00000000      0x160
 .debug_line_str
                0x00000000      0x160 CMakeFiles/breathlight.elf.dir/Core/Startup/startup_stm32f103c8tx.s.obj
                                 0x89 (size before relaxing)
 .debug_line_str
                0x00000160       0xca D:/toolchain/arm-none-eabi/13.3 rel1/bin/../lib/gcc/arm-none-eabi/13.3.1/thumb/v7-m/nofp\libgcc.a(_arm_muldf3.o)
 .debug_line_str
                0x00000160       0xca D:/toolchain/arm-none-eabi/13.3 rel1/bin/../lib/gcc/arm-none-eabi/13.3.1/thumb/v7-m/nofp\libgcc.a(_arm_mulsf3.o)
 .debug_line_str
                0x00000160       0xca D:/toolchain/arm-none-eabi/13.3 rel1/bin/../lib/gcc/arm-none-eabi/13.3.1/thumb/v7-m/nofp\libgcc.a(_arm_addsubdf3.o)
 .debug_line_str
                0x00000160       0xca D:/toolchain/arm-none-eabi/13.3 rel1/bin/../lib/gcc/arm-none-eabi/13.3.1/thumb/v7-m/nofp\libgcc.a(_arm_truncdfsf2.o)
 .debug_line_str
                0x00000160       0xca D:/toolchain/arm-none-eabi/13.3 rel1/bin/../lib/gcc/arm-none-eabi/13.3.1/thumb/v7-m/nofp\libgcc.a(_arm_addsubsf3.o)
 .debug_line_str
                0x00000160       0xca D:/toolchain/arm-none-eabi/13.3 rel1/bin/../lib/gcc/arm-none-eabi/13.3.1/thumb/v7-m/nofp\libgcc.a(_arm_fixunssfsi.o)
