Archive member included to satisfy reference by file (symbol)

D:/toolchain/arm-none-eabi/13.3 rel1/bin/../lib/gcc/arm-none-eabi/13.3.1/thumb/v7-m/nofp\libgcc.a(_arm_muldf3.o)
                              CMakeFiles/breathlight.elf.dir/Core/Src/main.c.obj (__aeabi_dmul)
D:/toolchain/arm-none-eabi/13.3 rel1/bin/../lib/gcc/arm-none-eabi/13.3.1/thumb/v7-m/nofp\libgcc.a(_arm_mulsf3.o)
                              CMakeFiles/breathlight.elf.dir/Core/Src/main.c.obj (__aeabi_fmul)
D:/toolchain/arm-none-eabi/13.3 rel1/bin/../lib/gcc/arm-none-eabi/13.3.1/thumb/v7-m/nofp\libgcc.a(_arm_addsubdf3.o)
                              CMakeFiles/breathlight.elf.dir/Core/Src/main.c.obj (__aeabi_dadd)
D:/toolchain/arm-none-eabi/13.3 rel1/bin/../lib/gcc/arm-none-eabi/13.3.1/thumb/v7-m/nofp\libgcc.a(_arm_truncdfsf2.o)
                              CMakeFiles/breathlight.elf.dir/Core/Src/main.c.obj (__aeabi_d2f)
D:/toolchain/arm-none-eabi/13.3 rel1/bin/../lib/gcc/arm-none-eabi/13.3.1/thumb/v7-m/nofp\libgcc.a(_arm_addsubsf3.o)
                              CMakeFiles/breathlight.elf.dir/Core/Src/main.c.obj (__aeabi_i2f)
D:/toolchain/arm-none-eabi/13.3 rel1/bin/../lib/gcc/arm-none-eabi/13.3.1/thumb/v7-m/nofp\libgcc.a(_arm_fixunssfsi.o)
                              CMakeFiles/breathlight.elf.dir/Core/Src/main.c.obj (__aeabi_f2uiz)
D:/toolchain/arm-none-eabi/13.3 rel1/bin/../lib/gcc/arm-none-eabi/13.3.1/thumb/v7-m/nofp\libg.a(libc_a-exit.o)
                              D:/toolchain/arm-none-eabi/13.3 rel1/bin/../lib/gcc/arm-none-eabi/13.3.1/thumb/v7-m/nofp/crt0.o (exit)
D:/toolchain/arm-none-eabi/13.3 rel1/bin/../lib/gcc/arm-none-eabi/13.3.1/thumb/v7-m/nofp\libg.a(libc_a-findfp.o)
                              D:/toolchain/arm-none-eabi/13.3 rel1/bin/../lib/gcc/arm-none-eabi/13.3.1/thumb/v7-m/nofp\libg.a(libc_a-exit.o) (__stdio_exit_handler)
D:/toolchain/arm-none-eabi/13.3 rel1/bin/../lib/gcc/arm-none-eabi/13.3.1/thumb/v7-m/nofp\libg.a(libc_a-fwalk.o)
                              D:/toolchain/arm-none-eabi/13.3 rel1/bin/../lib/gcc/arm-none-eabi/13.3.1/thumb/v7-m/nofp\libg.a(libc_a-findfp.o) (_fwalk_sglue)
D:/toolchain/arm-none-eabi/13.3 rel1/bin/../lib/gcc/arm-none-eabi/13.3.1/thumb/v7-m/nofp\libg.a(libc_a-stdio.o)
                              D:/toolchain/arm-none-eabi/13.3 rel1/bin/../lib/gcc/arm-none-eabi/13.3.1/thumb/v7-m/nofp\libg.a(libc_a-findfp.o) (__sread)
D:/toolchain/arm-none-eabi/13.3 rel1/bin/../lib/gcc/arm-none-eabi/13.3.1/thumb/v7-m/nofp\libg.a(libc_a-memset.o)
                              D:/toolchain/arm-none-eabi/13.3 rel1/bin/../lib/gcc/arm-none-eabi/13.3.1/thumb/v7-m/nofp/crt0.o (memset)
D:/toolchain/arm-none-eabi/13.3 rel1/bin/../lib/gcc/arm-none-eabi/13.3.1/thumb/v7-m/nofp\libg.a(libc_a-closer.o)
                              D:/toolchain/arm-none-eabi/13.3 rel1/bin/../lib/gcc/arm-none-eabi/13.3.1/thumb/v7-m/nofp\libg.a(libc_a-stdio.o) (_close_r)
D:/toolchain/arm-none-eabi/13.3 rel1/bin/../lib/gcc/arm-none-eabi/13.3.1/thumb/v7-m/nofp\libg.a(libc_a-reent.o)
                              D:/toolchain/arm-none-eabi/13.3 rel1/bin/../lib/gcc/arm-none-eabi/13.3.1/thumb/v7-m/nofp\libg.a(libc_a-closer.o) (errno)
D:/toolchain/arm-none-eabi/13.3 rel1/bin/../lib/gcc/arm-none-eabi/13.3.1/thumb/v7-m/nofp\libg.a(libc_a-impure.o)
                              D:/toolchain/arm-none-eabi/13.3 rel1/bin/../lib/gcc/arm-none-eabi/13.3.1/thumb/v7-m/nofp\libg.a(libc_a-reent.o) (_impure_ptr)
D:/toolchain/arm-none-eabi/13.3 rel1/bin/../lib/gcc/arm-none-eabi/13.3.1/thumb/v7-m/nofp\libg.a(libc_a-lseekr.o)
                              D:/toolchain/arm-none-eabi/13.3 rel1/bin/../lib/gcc/arm-none-eabi/13.3.1/thumb/v7-m/nofp\libg.a(libc_a-stdio.o) (_lseek_r)
D:/toolchain/arm-none-eabi/13.3 rel1/bin/../lib/gcc/arm-none-eabi/13.3.1/thumb/v7-m/nofp\libg.a(libc_a-readr.o)
                              D:/toolchain/arm-none-eabi/13.3 rel1/bin/../lib/gcc/arm-none-eabi/13.3.1/thumb/v7-m/nofp\libg.a(libc_a-stdio.o) (_read_r)
D:/toolchain/arm-none-eabi/13.3 rel1/bin/../lib/gcc/arm-none-eabi/13.3.1/thumb/v7-m/nofp\libg.a(libc_a-writer.o)
                              D:/toolchain/arm-none-eabi/13.3 rel1/bin/../lib/gcc/arm-none-eabi/13.3.1/thumb/v7-m/nofp\libg.a(libc_a-stdio.o) (_write_r)
D:/toolchain/arm-none-eabi/13.3 rel1/bin/../lib/gcc/arm-none-eabi/13.3.1/thumb/v7-m/nofp\libg.a(libc_a-errno.o)
                              CMakeFiles/breathlight.elf.dir/Core/Src/syscalls.c.obj (__errno)
D:/toolchain/arm-none-eabi/13.3 rel1/bin/../lib/gcc/arm-none-eabi/13.3.1/thumb/v7-m/nofp\libg.a(libc_a-init.o)
                              D:/toolchain/arm-none-eabi/13.3 rel1/bin/../lib/gcc/arm-none-eabi/13.3.1/thumb/v7-m/nofp/crt0.o (__libc_init_array)
D:/toolchain/arm-none-eabi/13.3 rel1/bin/../lib/gcc/arm-none-eabi/13.3.1/thumb/v7-m/nofp\libg.a(libc_a-lock.o)
                              D:/toolchain/arm-none-eabi/13.3 rel1/bin/../lib/gcc/arm-none-eabi/13.3.1/thumb/v7-m/nofp\libg.a(libc_a-findfp.o) (__retarget_lock_init_recursive)
[...]
Memory Configuration

Name             Origin             Length             Attributes
RAM              0x20000000         0x00005000         xrw
FLASH            0x08000000         0x00010000         xr
*default*        0x00000000         0xffffffff

Linker script and memory map

LOAD D:/toolchain/arm-none-eabi/13.3 rel1/bin/../lib/gcc/arm-none-eabi/13.3.1/thumb/v7-m/nofp/crti.o
LOAD D:/toolchain/arm-none-eabi/13.3 rel1/bin/../lib/gcc/arm-none-eabi/13.3.1/thumb/v7-m/nofp/crtbegin.o
LOAD D:/toolchain/arm-none-eabi/13.3 rel1/bin/../lib/gcc/arm-none-eabi/13.3.1/thumb/v7-m/nofp/crt0.o
LOAD CMakeFiles/breathlight.elf.dir/Core/Src/gpio.c.obj
LOAD CMakeFiles/breathlight.elf.dir/Core/Src/main.c.obj
LOAD CMakeFiles/breathlight.elf.dir/Core/Src/stm32f1xx_hal_msp.c.obj
LOAD CMakeFiles/breathlight.elf.dir/Core/Src/stm32f1xx_it.c.obj
LOAD CMakeFiles/breathlight.elf.dir/Core/Src/syscalls.c.obj
LOAD CMakeFiles/breathlight.elf.dir/Core/Src/sysmem.c.obj
LOAD CMakeFiles/breathlight.elf.dir/Core/Src/system_stm32f1xx.c.obj
LOAD CMakeFiles/breathlight.elf.dir/Core/Src/tim.c.obj
LOAD CMakeFiles/breathlight.elf.dir/Core/Src/usart.c.obj
LOAD CMakeFiles/breathlight.elf.dir/Core/Startup/startup_stm32f103c8tx.s.obj
LOAD CMakeFiles/breathlight.elf.dir/Drivers/STM32F1xx_HAL_Driver/Src/stm32f1xx_hal.c.obj
LOAD CMakeFiles/breathlight.elf.dir/Drivers/STM32F1xx_HAL_Driver/Src/stm32f1xx_hal_cortex.c.obj
LOAD CMakeFiles/breathlight.elf.dir/Drivers/STM32F1xx_HAL_Driver/Src/stm32f1xx_hal_dma.c.obj
LOAD CMakeFiles/breathlight.elf.dir/Drivers/STM32F1xx_HAL_Driver/Src/stm32f1xx_hal_exti.c.obj
LOAD CMakeFiles/breathlight.elf.dir/Drivers/STM32F1xx_HAL_Driver/Src/stm32f1xx_hal_flash.c.obj
LOAD CMakeFiles/breathlight.elf.dir/Drivers/STM32F1xx_HAL_Driver/Src/stm32f1xx_hal_flash_ex.c.obj
LOAD CMakeFiles/breathlight.elf.dir/Drivers/STM32F1xx_HAL_Driver/Src/stm32f1xx_hal_gpio.c.obj
LOAD CMakeFiles/breathlight.elf.dir/Drivers/STM32F1xx_HAL_Driver/Src/stm32f1xx_hal_gpio_ex.c.obj
LOAD CMakeFiles/breathlight.elf.dir/Drivers/STM32F1xx_HAL_Driver/Src/stm32f1xx_hal_pwr.c.obj
LOAD CMakeFiles/breathlight.elf.dir/Drivers/STM32F1xx_HAL_Driver/Src/stm32f1xx_hal_rcc.c.obj
LOAD CMakeFiles/breathlight.elf.dir/Drivers/STM32F1xx_HAL_Driver/Src/stm32f1xx_hal_rcc_ex.c.obj
LOAD CMakeFiles/breathlight.elf.dir/Drivers/STM32F1xx_HAL_Driver/Src/stm32f1xx_hal_tim.c.obj
LOAD CMakeFiles/breathlight.elf.dir/Drivers/STM32F1xx_HAL_Driver/Src/stm32f1xx_hal_tim_ex.c.obj
LOAD CMakeFiles/breathlight.elf.dir/Drivers/STM32F1xx_HAL_Driver/Src/stm32f1xx_hal_uart.c.obj
START GROUP
LOAD D:/toolchain/arm-none-eabi/13.3 rel1/bin/../lib/gcc/arm-none-eabi/13.3.1/thumb/v7-m/nofp\libgcc.a
LOAD D:/toolchain/arm-none-eabi/13.3 rel1/bin/../lib/gcc/arm-none-eabi/13.3.1/thumb/v7-m/nofp\libg.a
LOAD D:/toolchain/arm-none-eabi/13.3 rel1/bin/../lib/gcc/arm-none-eabi/13.3.1/thumb/v7-m/nofp\libc.a
END GROUP
LOAD D:/toolchain/arm-none-eabi/13.3 rel1/bin/../lib/gcc/arm-none-eabi/13.3.1/thumb/v7-m/nofp/crtend.o
LOAD D:/toolchain/arm-none-eabi/13.3 rel1/bin/../lib/gcc/arm-none-eabi/13.3.1/thumb/v7-m/nofp/crtn.o
                0x20005000                        _estack = (ORIGIN (RAM) + LENGTH (RAM))
                0x00000200                        _Min_Heap_Size = 0x200
                0x00000400                        _Min_Stack_Size = 0x400

.isr_vector     0x08000000      0x10c
                0x08000000                        . = ALIGN (0x4)
 *(.isr_vector)
 .isr_vector    0x08000000      0x10c CMakeFiles/breathlight.elf.dir/Core/Startup/startup_stm32f103c8tx.s.obj
                0x08000000                g_pfnVectors
                0x0800010c                        . = ALIGN (0x4)

.text           0x08000110     0x3798
                0x08000110                        . = ALIGN (0x4)
 *(.text)
 .text          0x08000110      0x254 D:/toolchain/arm-none-eabi/13.3 rel1/bin/../lib/gcc/arm-none-eabi/13.3.1/thumb/v7-m/nofp\libgcc.a(_arm_muldf3.o)
                0x08000110                __muldf3
                0x08000110                __aeabi_dmul
 .text          0x08000364      0x168 D:/toolchain/arm-none-eabi/13.3 rel1/bin/../lib/gcc/arm-none-eabi/13.3.1/thumb/v7-m/nofp\libgcc.a(_arm_mulsf3.o)
                0x08000364                __aeabi_fmul
                0x08000364                __mulsf3
 .text          0x080004cc      0x378 D:/toolchain/arm-none-eabi/13.3 rel1/bin/../lib/gcc/arm-none-eabi/13.3.1/thumb/v7-m/nofp\libgcc.a(_arm_addsubdf3.o)
                0x080004cc                __aeabi_drsub
                0x080004d4                __aeabi_dsub
                0x080004d4                __subdf3
                0x080004d8                __aeabi_dadd
                0x080004d8                __adddf3
                0x08000750                __floatunsidf
                0x08000750                __aeabi_ui2d
                0x08000770                __floatsidf
                0x08000770                __aeabi_i2d
                0x08000794                __aeabi_f2d
                0x08000794                __extendsfdf2
                0x080007d8                __floatundidf
                0x080007d8                __aeabi_ul2d
                0x080007e8                __floatdidf
                0x080007e8                __aeabi_l2d
 .text          0x08000844       0xa0 D:/toolchain/arm-none-eabi/13.3 rel1/bin/../lib/gcc/arm-none-eabi/13.3.1/thumb/v7-m/nofp\libgcc.a(_arm_truncdfsf2.o)
                0x08000844                __truncdfsf2
                0x08000844                __aeabi_d2f
 .text          0x080008e4      0x21c D:/toolchain/arm-none-eabi/13.3 rel1/bin/../lib/gcc/arm-none-eabi/13.3.1/thumb/v7-m/nofp\libgcc.a(_arm_addsubsf3.o)
                0x080008e4                __aeabi_frsub
                0x080008ec                __subsf3
                0x080008ec                __aeabi_fsub
                0x080008f0                __aeabi_fadd
                0x080008f0                __addsf3
                0x08000a50                __aeabi_ui2f
                0x08000a50                __floatunsisf
                0x08000a58                __aeabi_i2f
                0x08000a58                __floatsisf
                0x08000a74                __aeabi_ul2f
                0x08000a74                __floatundisf
                0x08000a84                __aeabi_l2f
                0x08000a84                __floatdisf
 .text          0x08000b00       0x40 D:/toolchain/arm-none-eabi/13.3 rel1/bin/../lib/gcc/arm-none-eabi/13.3.1/thumb/v7-m/nofp\libgcc.a(_arm_fixunssfsi.o)
                0x08000b00                __fixunssfsi
                0x08000b00                __aeabi_f2uiz
 .text          0x08000b40      0x110 D:/toolchain/arm-none-eabi/13.3 rel1/bin/../lib/gcc/arm-none-eabi/13.3.1/thumb/v7-m/nofp\libgcc.a(_arm_cmpdf2.o)
                0x08000b40                __gtdf2
                0x08000b40                __gedf2
                0x08000b48                __ltdf2
                0x08000b48                __ledf2
                0x08000b50                __nedf2
                0x08000b50                __eqdf2
                0x08000b50                __cmpdf2
                0x08000bcc                __aeabi_cdrcmple
                0x08000bdc                __aeabi_cdcmpeq
                0x08000bdc                __aeabi_cdcmple
                0x08000bec                __aeabi_dcmpeq
                0x08000c00                __aeabi_dcmplt
                0x08000c14                __aeabi_dcmple
                0x08000c28                __aeabi_dcmpge
                0x08000c3c                __aeabi_dcmpgt
 .text          0x08000c50       0x50 D:/toolchain/arm-none-eabi/13.3 rel1/bin/../lib/gcc/arm-none-eabi/13.3.1/thumb/v7-m/nofp\libgcc.a(_arm_fixdfsi.o)
                0x08000c50                __aeabi_d2iz
                0x08000c50                __fixdfsi
 *(.text*)
 .text.deregister_tm_clones
                0x08000ca0       0x1c D:/toolchain/arm-none-eabi/13.3 rel1/bin/../lib/gcc/arm-none-eabi/13.3.1/thumb/v7-m/nofp/crtbegin.o
 .text.register_tm_clones
                0x08000cbc       0x24 D:/toolchain/arm-none-eabi/13.3 rel1/bin/../lib/gcc/arm-none-eabi/13.3.1/thumb/v7-m/nofp/crtbegin.o
 .text.__do_global_dtors_aux
                0x08000ce0       0x28 D:/toolchain/arm-none-eabi/13.3 rel1/bin/../lib/gcc/arm-none-eabi/13.3.1/thumb/v7-m/nofp/crtbegin.o
 .text.frame_dummy
                0x08000d08       0x24 D:/toolchain/arm-none-eabi/13.3 rel1/bin/../lib/gcc/arm-none-eabi/13.3.1/thumb/v7-m/nofp/crtbegin.o
 .text.MX_GPIO_Init
                0x08000d2c       0x30 CMakeFiles/breathlight.elf.dir/Core/Src/gpio.c.obj
                0x08000d2c                MX_GPIO_Init
 .text.Error_Handler
                0x08000d5c        0x4 CMakeFiles/breathlight.elf.dir/Core/Src/main.c.obj
                0x08000d5c                Error_Handler
 .text.SystemClock_Config
                0x08000d60       0x52 CMakeFiles/breathlight.elf.dir/Core/Src/main.c.obj
                0x08000d60                SystemClock_Config
 *fill*         0x08000db2        0x6 
 .text.main     0x08000db8       0xc4 CMakeFiles/breathlight.elf.dir/Core/Src/main.c.obj
                0x08000db8                main
 .text.HAL_MspInit
                0x08000e7c       0x44 CMakeFiles/breathlight.elf.dir/Core/Src/stm32f1xx_hal_msp.c.obj
                0x08000e7c                HAL_MspInit
 .text.NMI_Handler
                0x08000ec0        0x2 CMakeFiles/breathlight.elf.dir/Core/Src/stm32f1xx_it.c.obj
                0x08000ec0                NMI_Handler
 .text.HardFault_Handler
                0x08000ec2        0x2 CMakeFiles/breathlight.elf.dir/Core/Src/stm32f1xx_it.c.obj
                0x08000ec2                HardFault_Handler
 .text.MemManage_Handler
                0x08000ec4        0x2 CMakeFiles/breathlight.elf.dir/Core/Src/stm32f1xx_it.c.obj
                0x08000ec4                MemManage_Handler
 .text.BusFault_Handler
                0x08000ec6        0x2 CMakeFiles/breathlight.elf.dir/Core/Src/stm32f1xx_it.c.obj
                0x08000ec6                BusFault_Handler
 .text.UsageFault_Handler
                0x08000ec8        0x2 CMakeFiles/breathlight.elf.dir/Core/Src/stm32f1xx_it.c.obj
                0x08000ec8                UsageFault_Handler
 .text.SVC_Handler
                0x08000eca        0x2 CMakeFiles/breathlight.elf.dir/Core/Src/stm32f1xx_it.c.obj
                0x08000eca                SVC_Handler
 .text.DebugMon_Handler
                0x08000ecc        0x2 CMakeFiles/breathlight.elf.dir/Core/Src/stm32f1xx_it.c.obj
                0x08000ecc                DebugMon_Handler
 .text.PendSV_Handler
                0x08000ece        0x2 CMakeFiles/breathlight.elf.dir/Core/Src/stm32f1xx_it.c.obj
                0x08000ece                PendSV_Handler
 .text.SysTick_Handler
                0x08000ed0        0x8 CMakeFiles/breathlight.elf.dir/Core/Src/stm32f1xx_it.c.obj
                0x08000ed0                SysTick_Handler
 .text.SystemInit
                0x08000ed8        0x2 CMakeFiles/breathlight.elf.dir/Core/Src/system_stm32f1xx.c.obj
                0x08000ed8                SystemInit
 *fill*         0x08000eda        0x2 
 .text.HAL_TIM_Base_MspInit
                0x08000edc       0x2c CMakeFiles/breathlight.elf.dir/Core/Src/tim.c.obj
                0x08000edc                HAL_TIM_Base_MspInit
 .text.HAL_TIM_MspPostInit
                0x08000f08       0x50 CMakeFiles/breathlight.elf.dir/Core/Src/tim.c.obj
                0x08000f08                HAL_TIM_MspPostInit
 .text.MX_TIM1_Init
                0x08000f58       0xe8 CMakeFiles/breathlight.elf.dir/Core/Src/tim.c.obj
                0x08000f58                MX_TIM1_Init
 .text.MX_USART1_UART_Init
                0x08001040       0x34 CMakeFiles/breathlight.elf.dir/Core/Src/usart.c.obj
                0x08001040                MX_USART1_UART_Init
 .text.HAL_UART_MspInit
                0x08001074       0x78 CMakeFiles/breathlight.elf.dir/Core/Src/usart.c.obj
                0x08001074                HAL_UART_MspInit
 .text.Reset_Handler
                0x080010ec       0x48 CMakeFiles/breathlight.elf.dir/Core/Startup/startup_stm32f103c8tx.s.obj
                0x080010ec                Reset_Handler
 .text.Default_Handler
                0x08001134        0x2 CMakeFiles/breathlight.elf.dir/Core/Startup/startup_stm32f103c8tx.s.obj
                0x08001134                RTC_Alarm_IRQHandler
                0x08001134                EXTI2_IRQHandler
                0x08001134                TIM1_CC_IRQHandler
                0x08001134                PVD_IRQHandler
                0x08001134                EXTI3_IRQHandler
                0x08001134                EXTI0_IRQHandler
                0x08001134                I2C2_EV_IRQHandler
                0x08001134                ADC1_2_IRQHandler
                0x08001134                SPI1_IRQHandler
                0x08001134                TAMPER_IRQHandler
                0x08001134                DMA1_Channel4_IRQHandler
                0x08001134                USART3_IRQHandler
                0x08001134                RTC_IRQHandler
                0x08001134                DMA1_Channel7_IRQHandler
                0x08001134                CAN1_RX1_IRQHandler
                0x08001134                TIM4_IRQHandler
                0x08001134                I2C1_EV_IRQHandler
                0x08001134                DMA1_Channel6_IRQHandler
                0x08001134                TIM3_IRQHandler
                0x08001134                RCC_IRQHandler
                0x08001134                TIM1_TRG_COM_IRQHandler
                0x08001134                DMA1_Channel1_IRQHandler
                0x08001134                Default_Handler
                0x08001134                EXTI15_10_IRQHandler
                0x08001134                EXTI9_5_IRQHandler
                0x08001134                SPI2_IRQHandler
                0x08001134                DMA1_Channel5_IRQHandler
                0x08001134                EXTI4_IRQHandler
                0x08001134                USB_LP_CAN1_RX0_IRQHandler
                0x08001134                USB_HP_CAN1_TX_IRQHandler
                0x08001134                DMA1_Channel3_IRQHandler
                0x08001134                TIM1_UP_IRQHandler
                0x08001134                WWDG_IRQHandler
                0x08001134                TIM2_IRQHandler
                0x08001134                TIM1_BRK_IRQHandler
                0x08001134                EXTI1_IRQHandler
                0x08001134                USART2_IRQHandler
                0x08001134                I2C2_ER_IRQHandler
                0x08001134                DMA1_Channel2_IRQHandler
                0x08001134                CAN1_SCE_IRQHandler
                0x08001134                FLASH_IRQHandler
                0x08001134                USART1_IRQHandler
                0x08001134                I2C1_ER_IRQHandler
                0x08001134                USBWakeUp_IRQHandler
 *fill*         0x08001136        0x2 
 .text.HAL_InitTick
                0x08001138       0x4c CMakeFiles/breathlight.elf.dir/Drivers/STM32F1xx_HAL_Driver/Src/stm32f1xx_hal.c.obj
                0x08001138                HAL_InitTick
 .text.HAL_Init
                0x08001184       0x24 CMakeFiles/breathlight.elf.dir/Drivers/STM32F1xx_HAL_Driver/Src/stm32f1xx_hal.c.obj
                0x08001184                HAL_Init
 .text.HAL_IncTick
                0x080011a8       0x18 CMakeFiles/breathlight.elf.dir/Drivers/STM32F1xx_HAL_Driver/Src/stm32f1xx_hal.c.obj
                0x080011a8                HAL_IncTick
 .text.HAL_GetTick
                0x080011c0        0xc CMakeFiles/breathlight.elf.dir/Drivers/STM32F1xx_HAL_Driver/Src/stm32f1xx_hal.c.obj
                0x080011c0                HAL_GetTick
 .text.__NVIC_SetPriority
                0x080011cc       0x28 CMakeFiles/breathlight.elf.dir/Drivers/STM32F1xx_HAL_Driver/Src/stm32f1xx_hal_cortex.c.obj
 .text.NVIC_EncodePriority
                0x080011f4       0x3e CMakeFiles/breathlight.elf.dir/Drivers/STM32F1xx_HAL_Driver/Src/stm32f1xx_hal_cortex.c.obj
 *fill*         0x08001232        0x2 
 .text.HAL_NVIC_SetPriorityGrouping
                0x08001234       0x24 CMakeFiles/breathlight.elf.dir/Drivers/STM32F1xx_HAL_Driver/Src/stm32f1xx_hal_cortex.c.obj
                0x08001234                HAL_NVIC_SetPriorityGrouping
 .text.HAL_NVIC_SetPriority
                0x08001258       0x20 CMakeFiles/breathlight.elf.dir/Drivers/STM32F1xx_HAL_Driver/Src/stm32f1xx_hal_cortex.c.obj
                0x08001258                HAL_NVIC_SetPriority
 .text.HAL_SYSTICK_Config
                0x08001278       0x28 CMakeFiles/breathlight.elf.dir/Drivers/STM32F1xx_HAL_Driver/Src/stm32f1xx_hal_cortex.c.obj
                0x08001278                HAL_SYSTICK_Config
 .text.HAL_GPIO_Init
                0x080012a0      0x21c CMakeFiles/breathlight.elf.dir/Drivers/STM32F1xx_HAL_Driver/Src/stm32f1xx_hal_gpio.c.obj
                0x080012a0                HAL_GPIO_Init
 .text.RCC_Delay
                0x080014bc       0x2c CMakeFiles/breathlight.elf.dir/Drivers/STM32F1xx_HAL_Driver/Src/stm32f1xx_hal_rcc.c.obj
 .text.HAL_RCC_OscConfig
                0x080014e8      0x410 CMakeFiles/breathlight.elf.dir/Drivers/STM32F1xx_HAL_Driver/Src/stm32f1xx_hal_rcc.c.obj
                0x080014e8                HAL_RCC_OscConfig
 .text.HAL_RCC_GetSysClockFreq
                0x080018f8       0x54 CMakeFiles/breathlight.elf.dir/Drivers/STM32F1xx_HAL_Driver/Src/stm32f1xx_hal_rcc.c.obj
                0x080018f8                HAL_RCC_GetSysClockFreq
 .text.HAL_RCC_ClockConfig
                0x0800194c      0x16c CMakeFiles/breathlight.elf.dir/Drivers/STM32F1xx_HAL_Driver/Src/stm32f1xx_hal_rcc.c.obj
                0x0800194c                HAL_RCC_ClockConfig
 .text.HAL_RCC_GetHCLKFreq
                0x08001ab8        0xc CMakeFiles/breathlight.elf.dir/Drivers/STM32F1xx_HAL_Driver/Src/stm32f1xx_hal_rcc.c.obj
                0x08001ab8                HAL_RCC_GetHCLKFreq
 .text.HAL_RCC_GetPCLK1Freq
                0x08001ac4       0x20 CMakeFiles/breathlight.elf.dir/Drivers/STM32F1xx_HAL_Driver/Src/stm32f1xx_hal_rcc.c.obj
                0x08001ac4                HAL_RCC_GetPCLK1Freq
 .text.HAL_RCC_GetPCLK2Freq
                0x08001ae4       0x20 CMakeFiles/breathlight.elf.dir/Drivers/STM32F1xx_HAL_Driver/Src/stm32f1xx_hal_rcc.c.obj
                0x08001ae4                HAL_RCC_GetPCLK2Freq
 .text.TIM_OC1_SetConfig
                0x08001b04       0x54 CMakeFiles/breathlight.elf.dir/Drivers/STM32F1xx_HAL_Driver/Src/stm32f1xx_hal_tim.c.obj
 .text.TIM_OC3_SetConfig
                0x08001b58       0x5c CMakeFiles/breathlight.elf.dir/Drivers/STM32F1xx_HAL_Driver/Src/stm32f1xx_hal_tim.c.obj
 .text.TIM_OC4_SetConfig
                0x08001bb4       0x48 CMakeFiles/breathlight.elf.dir/Drivers/STM32F1xx_HAL_Driver/Src/stm32f1xx_hal_tim.c.obj
 .text.TIM_TI1_ConfigInputStage
                0x08001bfc       0x24 CMakeFiles/breathlight.elf.dir/Drivers/STM32F1xx_HAL_Driver/Src/stm32f1xx_hal_tim.c.obj
 .text.TIM_TI2_ConfigInputStage
                0x08001c20       0x26 CMakeFiles/breathlight.elf.dir/Drivers/STM32F1xx_HAL_Driver/Src/stm32f1xx_hal_tim.c.obj
 .text.TIM_ITRx_SetConfig
                0x08001c46       0x10 CMakeFiles/breathlight.elf.dir/Drivers/STM32F1xx_HAL_Driver/Src/stm32f1xx_hal_tim.c.obj
 .text.HAL_TIM_PWM_MspInit
                0x08001c56        0x2 CMakeFiles/breathlight.elf.dir/Drivers/STM32F1xx_HAL_Driver/Src/stm32f1xx_hal_tim.c.obj
                0x08001c56                HAL_TIM_PWM_MspInit
 .text.TIM_Base_SetConfig
                0x08001c58       0x84 CMakeFiles/breathlight.elf.dir/Drivers/STM32F1xx_HAL_Driver/Src/stm32f1xx_hal_tim.c.obj
                0x08001c58                TIM_Base_SetConfig
 .text.HAL_TIM_Base_Init
                0x08001cdc       0x58 CMakeFiles/breathlight.elf.dir/Drivers/STM32F1xx_HAL_Driver/Src/stm32f1xx_hal_tim.c.obj
                0x08001cdc                HAL_TIM_Base_Init
 .text.HAL_TIM_PWM_Init
                0x08001d34       0x58 CMakeFiles/breathlight.elf.dir/Drivers/STM32F1xx_HAL_Driver/Src/stm32f1xx_hal_tim.c.obj
                0x08001d34                HAL_TIM_PWM_Init
 .text.TIM_OC2_SetConfig
                0x08001d8c       0x5c CMakeFiles/breathlight.elf.dir/Drivers/STM32F1xx_HAL_Driver/Src/stm32f1xx_hal_tim.c.obj
                0x08001d8c                TIM_OC2_SetConfig
 .text.HAL_TIM_PWM_ConfigChannel
                0x08001de8       0xdc CMakeFiles/breathlight.elf.dir/Drivers/STM32F1xx_HAL_Driver/Src/stm32f1xx_hal_tim.c.obj
                0x08001de8                HAL_TIM_PWM_ConfigChannel
 .text.TIM_ETR_SetConfig
                0x08001ec4       0x18 CMakeFiles/breathlight.elf.dir/Drivers/STM32F1xx_HAL_Driver/Src/stm32f1xx_hal_tim.c.obj
                0x08001ec4                TIM_ETR_SetConfig
 .text.HAL_TIM_ConfigClockSource
                0x08001edc       0xfe CMakeFiles/breathlight.elf.dir/Drivers/STM32F1xx_HAL_Driver/Src/stm32f1xx_hal_tim.c.obj
                0x08001edc                HAL_TIM_ConfigClockSource
 .text.TIM_CCxChannelCmd
                0x08001fda       0x1e CMakeFiles/breathlight.elf.dir/Drivers/STM32F1xx_HAL_Driver/Src/stm32f1xx_hal_tim.c.obj
                0x08001fda                TIM_CCxChannelCmd
 .text.HAL_TIM_PWM_Start
                0x08001ff8       0xdc CMakeFiles/breathlight.elf.dir/Drivers/STM32F1xx_HAL_Driver/Src/stm32f1xx_hal_tim.c.obj
                0x08001ff8                HAL_TIM_PWM_Start
 .text.HAL_TIMEx_MasterConfigSynchronization
                0x080020d4       0x6c CMakeFiles/breathlight.elf.dir/Drivers/STM32F1xx_HAL_Driver/Src/stm32f1xx_hal_tim_ex.c.obj
                0x080020d4                HAL_TIMEx_MasterConfigSynchronization
 .text.HAL_TIMEx_ConfigBreakDeadTime
                0x08002140       0x52 CMakeFiles/breathlight.elf.dir/Drivers/STM32F1xx_HAL_Driver/Src/stm32f1xx_hal_tim_ex.c.obj
                0x08002140                HAL_TIMEx_ConfigBreakDeadTime
 .text.UART_EndRxTransfer
                0x08002192       0x5c CMakeFiles/breathlight.elf.dir/Drivers/STM32F1xx_HAL_Driver/Src/stm32f1xx_hal_uart.c.obj
 *fill*         0x080021ee        0x2 
 .text.UART_SetConfig
                0x080021f0       0x94 CMakeFiles/breathlight.elf.dir/Drivers/STM32F1xx_HAL_Driver/Src/stm32f1xx_hal_uart.c.obj
 .text.UART_WaitOnFlagUntilTimeout
                0x08002284       0x86 CMakeFiles/breathlight.elf.dir/Drivers/STM32F1xx_HAL_Driver/Src/stm32f1xx_hal_uart.c.obj
 .text.HAL_UART_Init
                0x0800230a       0x60 CMakeFiles/breathlight.elf.dir/Drivers/STM32F1xx_HAL_Driver/Src/stm32f1xx_hal_uart.c.obj
                0x0800230a                HAL_UART_Init
 .text.HAL_UART_Receive
                0x0800236a       0xd2 CMakeFiles/breathlight.elf.dir/Drivers/STM32F1xx_HAL_Driver/Src/stm32f1xx_hal_uart.c.obj
                0x0800236a                HAL_UART_Receive
 .text.memset   0x0800243c       0xa0 D:/toolchain/arm-none-eabi/13.3 rel1/bin/../lib/gcc/arm-none-eabi/13.3.1/thumb/v7-m/nofp\libg.a(libc_a-memset.o)
                0x0800243c                memset
 .text.__libc_init_array
                0x080024dc       0x50 D:/toolchain/arm-none-eabi/13.3 rel1/bin/../lib/gcc/arm-none-eabi/13.3.1/thumb/v7-m/nofp\libg.a(libc_a-init.o)
                0x080024dc                __libc_init_array
 .text.__retarget_lock_acquire_recursive
                0x0800252c        0x4 D:/toolchain/arm-none-eabi/13.3 rel1/bin/../lib/gcc/arm-none-eabi/13.3.1/thumb/v7-m/nofp\libg.a(libc_a-lock.o)
                0x0800252c                __retarget_lock_acquire_recursive
 .text.__retarget_lock_release_recursive
                0x08002530        0x4 D:/toolchain/arm-none-eabi/13.3 rel1/bin/../lib/gcc/arm-none-eabi/13.3.1/thumb/v7-m/nofp\libg.a(libc_a-lock.o)
                0x08002530                __retarget_lock_release_recursive
 .text.startup.register_fini
                0x08002534       0x14 D:/toolchain/arm-none-eabi/13.3 rel1/bin/../lib/gcc/arm-none-eabi/13.3.1/thumb/v7-m/nofp\libg.a(libc_a-__call_atexit.o)
 .text.atexit   0x08002548        0xc D:/toolchain/arm-none-eabi/13.3 rel1/bin/../lib/gcc/arm-none-eabi/13.3.1/thumb/v7-m/nofp\libg.a(libc_a-atexit.o)
                0x08002548                atexit
 .text.__libc_fini_array
                0x08002554       0x28 D:/toolchain/arm-none-eabi/13.3 rel1/bin/../lib/gcc/arm-none-eabi/13.3.1/thumb/v7-m/nofp\libg.a(libc_a-fini.o)
                0x08002554                __libc_fini_array
 .text.__register_exitproc
                0x0800257c       0x80 D:/toolchain/arm-none-eabi/13.3 rel1/bin/../lib/gcc/arm-none-eabi/13.3.1/thumb/v7-m/nofp\libg.a(libc_a-__atexit.o)
                0x0800257c                __register_exitproc
 .text.sin      0x080025fc       0x94 D:/toolchain/arm-none-eabi/13.3 rel1/bin/../lib/gcc/arm-none-eabi/13.3.1/thumb/v7-m/nofp\libm.a(libm_a-s_sin.o)
                0x080025fc                sin
 .text.__kernel_cos
                0x08002690      0x250 D:/toolchain/arm-none-eabi/13.3 rel1/bin/../lib/gcc/arm-none-eabi/13.3.1/thumb/v7-m/nofp\libm.a(libm_a-k_cos.o)
                0x08002690                __kernel_cos
 .text.__kernel_sin
                0x080028e0      0x16c D:/toolchain/arm-none-eabi/13.3 rel1/bin/../lib/gcc/arm-none-eabi/13.3.1/thumb/v7-m/nofp\libm.a(libm_a-k_sin.o)
                0x080028e0                __kernel_sin
 *fill*         0x08002a4c        0x4 
 .text.__ieee754_rem_pio2
                0x08002a50      0x40c D:/toolchain/arm-none-eabi/13.3 rel1/bin/../lib/gcc/arm-none-eabi/13.3.1/thumb/v7-m/nofp\libm.a(libm_a-e_rem_pio2.o)
                0x08002a50                __ieee754_rem_pio2
 .text.fabs     0x08002e5c        0x8 D:/toolchain/arm-none-eabi/13.3 rel1/bin/../lib/gcc/arm-none-eabi/13.3.1/thumb/v7-m/nofp\libm.a(libm_a-s_fabs.o)
                0x08002e5c                fabs
 .text.__kernel_rem_pio2
                0x08002e64      0x824 D:/toolchain/arm-none-eabi/13.3 rel1/bin/../lib/gcc/arm-none-eabi/13.3.1/thumb/v7-m/nofp\libm.a(libm_a-k_rem_pio2.o)
                0x08002e64                __kernel_rem_pio2
 .text.scalbn   0x08003688       0xfc D:/toolchain/arm-none-eabi/13.3 rel1/bin/../lib/gcc/arm-none-eabi/13.3.1/thumb/v7-m/nofp\libm.a(libm_a-s_scalbn.o)
                0x08003688                scalbn
 *fill*         0x08003784        0x4 
 .text.floor    0x08003788      0x108 D:/toolchain/arm-none-eabi/13.3 rel1/bin/../lib/gcc/arm-none-eabi/13.3.1/thumb/v7-m/nofp\libm.a(libm_a-s_floor.o)
                0x08003788                floor
 *(.glue_7)
 .glue_7        0x08003890        0x0 linker stubs
 *(.glue_7t)
 .glue_7t       0x08003890        0x0 linker stubs
 *(.eh_frame)
 .eh_frame      0x08003890        0x0 D:/toolchain/arm-none-eabi/13.3 rel1/bin/../lib/gcc/arm-none-eabi/13.3.1/thumb/v7-m/nofp/crtbegin.o
 *(.init)
 .init          0x08003890        0x4 D:/toolchain/arm-none-eabi/13.3 rel1/bin/../lib/gcc/arm-none-eabi/13.3.1/thumb/v7-m/nofp/crti.o
                0x08003890                _init
 .init          0x08003894        0x8 D:/toolchain/arm-none-eabi/13.3 rel1/bin/../lib/gcc/arm-none-eabi/13.3.1/thumb/v7-m/nofp/crtn.o
 *(.fini)
 .fini          0x0800389c        0x4 D:/toolchain/arm-none-eabi/13.3 rel1/bin/../lib/gcc/arm-none-eabi/13.3.1/thumb/v7-m/nofp/crti.o
                0x0800389c                _fini
 .fini          0x080038a0        0x8 D:/toolchain/arm-none-eabi/13.3 rel1/bin/../lib/gcc/arm-none-eabi/13.3.1/thumb/v7-m/nofp/crtn.o
                0x080038a8                        . = ALIGN (0x4)
                0x080038a8                        _etext = .

.vfp11_veneer   0x080038a8        0x0
 .vfp11_veneer  0x080038a8        0x0 linker stubs

.v4_bx          0x080038a8        0x0
 .v4_bx         0x080038a8        0x0 linker stubs

.iplt           0x080038a8        0x0
 .iplt          0x080038a8        0x0 D:/toolchain/arm-none-eabi/13.3 rel1/bin/../lib/gcc/arm-none-eabi/13.3.1/thumb/v7-m/nofp/crtbegin.o

.rodata         0x080038a8      0x208
                0x080038a8                        . = ALIGN (0x4)
 *(.rodata)
 *(.rodata*)
 .rodata.APBPrescTable
                0x080038a8        0x8 CMakeFiles/breathlight.elf.dir/Core/Src/system_stm32f1xx.c.obj
                0x080038a8                APBPrescTable
 .rodata.AHBPrescTable
                0x080038b0       0x10 CMakeFiles/breathlight.elf.dir/Core/Src/system_stm32f1xx.c.obj
                0x080038b0                AHBPrescTable
 .rodata.aPredivFactorTable.0
                0x080038c0        0x2 CMakeFiles/breathlight.elf.dir/Drivers/STM32F1xx_HAL_Driver/Src/stm32f1xx_hal_rcc.c.obj
 *fill*         0x080038c2        0x2 
 .rodata.aPLLMULFactorTable.1
                0x080038c4       0x10 CMakeFiles/breathlight.elf.dir/Drivers/STM32F1xx_HAL_Driver/Src/stm32f1xx_hal_rcc.c.obj
 .rodata.npio2_hw
                0x080038d4       0x80 D:/toolchain/arm-none-eabi/13.3 rel1/bin/../lib/gcc/arm-none-eabi/13.3.1/thumb/v7-m/nofp\libm.a(libm_a-e_rem_pio2.o)
 .rodata.two_over_pi
                0x08003954      0x108 D:/toolchain/arm-none-eabi/13.3 rel1/bin/../lib/gcc/arm-none-eabi/13.3.1/thumb/v7-m/nofp\libm.a(libm_a-e_rem_pio2.o)
 *fill*         0x08003a5c        0x4 
 .rodata.PIo2   0x08003a60       0x40 D:/toolchain/arm-none-eabi/13.3 rel1/bin/../lib/gcc/arm-none-eabi/13.3.1/thumb/v7-m/nofp\libm.a(libm_a-k_rem_pio2.o)
 .rodata.init_jk
                0x08003aa0       0x10 D:/toolchain/arm-none-eabi/13.3 rel1/bin/../lib/gcc/arm-none-eabi/13.3.1/thumb/v7-m/nofp\libm.a(libm_a-k_rem_pio2.o)
                0x08003ab0                        . = ALIGN (0x4)

.ARM.extab      0x08003ab0        0x0
                0x08003ab0                        . = ALIGN (0x4)
 *(.ARM.extab* .gnu.linkonce.armextab.*)
                0x08003ab0                        . = ALIGN (0x4)

.ARM            0x08003ab0        0x0
                0x08003ab0                        . = ALIGN (0x4)
                0x08003ab0                        __exidx_start = .
 *(.ARM.exidx*)
                0x08003ab0                        __exidx_end = .
                0x08003ab0                        . = ALIGN (0x4)

.preinit_array  0x08003ab0        0x0
                0x08003ab0                        . = ALIGN (0x4)
                0x08003ab0                        PROVIDE (__preinit_array_start = .)
 *(.preinit_array*)
                0x08003ab0                        PROVIDE (__preinit_array_end = .)
                0x08003ab0                        . = ALIGN (0x4)

.init_array     0x08003ab0        0x8
                0x08003ab0                        . = ALIGN (0x4)
                0x08003ab0                        PROVIDE (__init_array_start = .)
 *(SORT_BY_NAME(.init_array.*))
 .init_array.00000
                0x08003ab0        0x4 D:/toolchain/arm-none-eabi/13.3 rel1/bin/../lib/gcc/arm-none-eabi/13.3.1/thumb/v7-m/nofp\libg.a(libc_a-__call_atexit.o)
 *(.init_array*)
 .init_array    0x08003ab4        0x4 D:/toolchain/arm-none-eabi/13.3 rel1/bin/../lib/gcc/arm-none-eabi/13.3.1/thumb/v7-m/nofp/crtbegin.o
                0x08003ab8                        PROVIDE (__init_array_end = .)
                0x08003ab8                        . = ALIGN (0x4)

.fini_array     0x08003ab8        0x4
                0x08003ab8                        . = ALIGN (0x4)
                0x08003ab8                        PROVIDE (__fini_array_start = .)
 *(SORT_BY_NAME(.fini_array.*))
 *(.fini_array*)
 .fini_array    0x08003ab8        0x4 D:/toolchain/arm-none-eabi/13.3 rel1/bin/../lib/gcc/arm-none-eabi/13.3.1/thumb/v7-m/nofp/crtbegin.o
                0x08003abc                        PROVIDE (__fini_array_end = .)
                0x08003abc                        . = ALIGN (0x4)
                0x08003abc                        _sidata = LOADADDR (.data)

.rel.dyn        0x08003abc        0x0
 .rel.iplt      0x08003abc        0x0 D:/toolchain/arm-none-eabi/13.3 rel1/bin/../lib/gcc/arm-none-eabi/13.3.1/thumb/v7-m/nofp/crtbegin.o

.data           0x20000000       0x10 load address 0x08003abc
                0x20000000                        . = ALIGN (0x4)
                0x20000000                        _sdata = .
 *(.data)
 *(.data*)
 .data.SystemCoreClock
                0x20000000        0x4 CMakeFiles/breathlight.elf.dir/Core/Src/system_stm32f1xx.c.obj
                0x20000000                SystemCoreClock
 .data.uwTickFreq
                0x20000004        0x1 CMakeFiles/breathlight.elf.dir/Drivers/STM32F1xx_HAL_Driver/Src/stm32f1xx_hal.c.obj
                0x20000004                uwTickFreq
 *fill*         0x20000005        0x3 
 .data.uwTickPrio
                0x20000008        0x4 CMakeFiles/breathlight.elf.dir/Drivers/STM32F1xx_HAL_Driver/Src/stm32f1xx_hal.c.obj
                0x20000008                uwTickPrio
 .data.__atexit_recursive_mutex
                0x2000000c        0x4 D:/toolchain/arm-none-eabi/13.3 rel1/bin/../lib/gcc/arm-none-eabi/13.3.1/thumb/v7-m/nofp\libg.a(libc_a-__call_atexit.o)
                0x2000000c                __atexit_recursive_mutex
 *(.RamFunc)
 *(.RamFunc*)
                0x20000010                        . = ALIGN (0x4)
                0x20000010                        _edata = .

.tm_clone_table
                0x20000010        0x0 load address 0x08003acc
 .tm_clone_table
                0x20000010        0x0 D:/toolchain/arm-none-eabi/13.3 rel1/bin/../lib/gcc/arm-none-eabi/13.3.1/thumb/v7-m/nofp/crtbegin.o
 .tm_clone_table
                0x20000010        0x0 D:/toolchain/arm-none-eabi/13.3 rel1/bin/../lib/gcc/arm-none-eabi/13.3.1/thumb/v7-m/nofp/crtend.o

.igot.plt       0x20000010        0x0 load address 0x08003acc
 .igot.plt      0x20000010        0x0 D:/toolchain/arm-none-eabi/13.3 rel1/bin/../lib/gcc/arm-none-eabi/13.3.1/thumb/v7-m/nofp/crtbegin.o
                0x20000010                        . = ALIGN (0x4)

.bss            0x20000010      0x248 load address 0x08003acc
                0x20000010                        _sbss = .
                0x20000010                        __bss_start__ = _sbss
 *(.bss)
 *(.bss*)
 .bss.completed.1
                0x20000010        0x1 D:/toolchain/arm-none-eabi/13.3 rel1/bin/../lib/gcc/arm-none-eabi/13.3.1/thumb/v7-m/nofp/crtbegin.o
 *fill*         0x20000011        0x3 
 .bss.object.0  0x20000014       0x18 D:/toolchain/arm-none-eabi/13.3 rel1/bin/../lib/gcc/arm-none-eabi/13.3.1/thumb/v7-m/nofp/crtbegin.o
 .bss.htim1     0x2000002c       0x48 CMakeFiles/breathlight.elf.dir/Core/Src/tim.c.obj
                0x2000002c                htim1
 .bss.huart1    0x20000074       0x48 CMakeFiles/breathlight.elf.dir/Core/Src/usart.c.obj
                0x20000074                huart1
 .bss.uwTick    0x200000bc        0x4 CMakeFiles/breathlight.elf.dir/Drivers/STM32F1xx_HAL_Driver/Src/stm32f1xx_hal.c.obj
                0x200000bc                uwTick
 .bss.__lock___atexit_recursive_mutex
                0x200000c0        0x1 D:/toolchain/arm-none-eabi/13.3 rel1/bin/../lib/gcc/arm-none-eabi/13.3.1/thumb/v7-m/nofp\libg.a(libc_a-lock.o)
                0x200000c0                __lock___atexit_recursive_mutex
 *fill*         0x200000c1        0x3 
 .bss.__atexit  0x200000c4        0x4 D:/toolchain/arm-none-eabi/13.3 rel1/bin/../lib/gcc/arm-none-eabi/13.3.1/thumb/v7-m/nofp\libg.a(libc_a-__call_atexit.o)
                0x200000c4                __atexit
 .bss.__atexit0
                0x200000c8      0x190 D:/toolchain/arm-none-eabi/13.3 rel1/bin/../lib/gcc/arm-none-eabi/13.3.1/thumb/v7-m/nofp\libg.a(libc_a-__atexit.o)
                0x200000c8                __atexit0
 *(COMMON)
                0x20000258                        . = ALIGN (0x4)
                0x20000258                        _ebss = .
                0x20000258                        __bss_end__ = _ebss

._user_heap_stack
                0x20000258      0x600 load address 0x08003acc
                0x20000258                        . = ALIGN (0x8)
                [!provide]                        PROVIDE (end = .)
                0x20000258                        PROVIDE (_end = .)
                0x20000458                        . = (. + _Min_Heap_Size)
 *fill*         0x20000258      0x200 
                0x20000858                        . = (. + _Min_Stack_Size)
 *fill*         0x20000458      0x400 
                0x20000858                        . = ALIGN (0x8)

/DISCARD/
 libc.a(*)
 libm.a(*)
 libgcc.a(*)

.ARM.attributes
                0x00000000       0x29
 *(.ARM.attributes)
 .ARM.attributes
                0x00000000       0x1d D:/toolchain/arm-none-eabi/13.3 rel1/bin/../lib/gcc/arm-none-eabi/13.3.1/thumb/v7-m/nofp/crti.o
 .ARM.attributes
                0x0000001d       0x2d D:/toolchain/arm-none-eabi/13.3 rel1/bin/../lib/gcc/arm-none-eabi/13.3.1/thumb/v7-m/nofp/crtbegin.o
 .ARM.attributes
                0x0000004a       0x2d CMakeFiles/breathlight.elf.dir/Core/Src/gpio.c.obj
 .ARM.attributes
                0x00000077       0x2d CMakeFiles/breathlight.elf.dir/Core/Src/main.c.obj
 .ARM.attributes
                0x000000a4       0x2d CMakeFiles/breathlight.elf.dir/Core/Src/stm32f1xx_hal_msp.c.obj
 .ARM.attributes
                0x000000d1       0x2d CMakeFiles/breathlight.elf.dir/Core/Src/stm32f1xx_it.c.obj
 .ARM.attributes
                0x000000fe       0x2d CMakeFiles/breathlight.elf.dir/Core/Src/system_stm32f1xx.c.obj
 .ARM.attributes
                0x0000012b       0x2d CMakeFiles/breathlight.elf.dir/Core/Src/tim.c.obj
 .ARM.attributes
                0x00000158       0x2d CMakeFiles/breathlight.elf.dir/Core/Src/usart.c.obj
 .ARM.attributes
                0x00000185       0x21 CMakeFiles/breathlight.elf.dir/Core/Startup/startup_stm32f103c8tx.s.obj
 .ARM.attributes
                0x000001a6       0x2d CMakeFiles/breathlight.elf.dir/Drivers/STM32F1xx_HAL_Driver/Src/stm32f1xx_hal.c.obj
 .ARM.attributes
                0x000001d3       0x2d CMakeFiles/breathlight.elf.dir/Drivers/STM32F1xx_HAL_Driver/Src/stm32f1xx_hal_cortex.c.obj
 .ARM.attributes
                0x00000200       0x2d CMakeFiles/breathlight.elf.dir/Drivers/STM32F1xx_HAL_Driver/Src/stm32f1xx_hal_gpio.c.obj
 .ARM.attributes
                0x0000022d       0x2d CMakeFiles/breathlight.elf.dir/Drivers/STM32F1xx_HAL_Driver/Src/stm32f1xx_hal_rcc.c.obj
 .ARM.attributes
                0x0000025a       0x2d CMakeFiles/breathlight.elf.dir/Drivers/STM32F1xx_HAL_Driver/Src/stm32f1xx_hal_tim.c.obj
 .ARM.attributes
                0x00000287       0x2d CMakeFiles/breathlight.elf.dir/Drivers/STM32F1xx_HAL_Driver/Src/stm32f1xx_hal_tim_ex.c.obj
 .ARM.attributes
                0x000002b4       0x2d CMakeFiles/breathlight.elf.dir/Drivers/STM32F1xx_HAL_Driver/Src/stm32f1xx_hal_uart.c.obj
 .ARM.attributes
                0x000002e1       0x1d D:/toolchain/arm-none-eabi/13.3 rel1/bin/../lib/gcc/arm-none-eabi/13.3.1/thumb/v7-m/nofp\libgcc.a(_arm_muldf3.o)
 .ARM.attributes
                0x000002fe       0x1d D:/toolchain/arm-none-eabi/13.3 rel1/bin/../lib/gcc/arm-none-eabi/13.3.1/thumb/v7-m/nofp\libgcc.a(_arm_mulsf3.o)
 .ARM.attributes
                0x0000031b       0x1d D:/toolchain/arm-none-eabi/13.3 rel1/bin/../lib/gcc/arm-none-eabi/13.3.1/thumb/v7-m/nofp\libgcc.a(_arm_addsubdf3.o)
 .ARM.attributes
                0x00000338       0x1d D:/toolchain/arm-none-eabi/13.3 rel1/bin/../lib/gcc/arm-none-eabi/13.3.1/thumb/v7-m/nofp\libgcc.a(_arm_truncdfsf2.o)
 .ARM.attributes
                0x00000355       0x1d D:/toolchain/arm-none-eabi/13.3 rel1/bin/../lib/gcc/arm-none-eabi/13.3.1/thumb/v7-m/nofp\libgcc.a(_arm_addsubsf3.o)
 .ARM.attributes
                0x00000372       0x1d D:/toolchain/arm-none-eabi/13.3 rel1/bin/../lib/gcc/arm-none-eabi/13.3.1/thumb/v7-m/nofp\libgcc.a(_arm_fixunssfsi.o)
 .ARM.attributes
                0x0000038f       0x2d D:/toolchain/arm-none-eabi/13.3 rel1/bin/../lib/gcc/arm-none-eabi/13.3.1/thumb/v7-m/nofp\libg.a(libc_a-memset.o)
 .ARM.attributes
                0x000003bc       0x2d D:/toolchain/arm-none-eabi/13.3 rel1/bin/../lib/gcc/arm-none-eabi/13.3.1/thumb/v7-m/nofp\libg.a(libc_a-init.o)
 .ARM.attributes
                0x000003e9       0x2d D:/toolchain/arm-none-eabi/13.3 rel1/bin/../lib/gcc/arm-none-eabi/13.3.1/thumb/v7-m/nofp\libg.a(libc_a-lock.o)
 .ARM.attributes
                0x00000416       0x2d D:/toolchain/arm-none-eabi/13.3 rel1/bin/../lib/gcc/arm-none-eabi/13.3.1/thumb/v7-m/nofp\libg.a(libc_a-__call_atexit.o)
 .ARM.attributes
                0x00000443       0x2d D:/toolchain/arm-none-eabi/13.3 rel1/bin/../lib/gcc/arm-none-eabi/13.3.1/thumb/v7-m/nofp\libg.a(libc_a-atexit.o)
 .ARM.attributes
                0x00000470       0x2d D:/toolchain/arm-none-eabi/13.3 rel1/bin/../lib/gcc/arm-none-eabi/13.3.1/thumb/v7-m/nofp\libg.a(libc_a-fini.o)
 .ARM.attributes
                0x0000049d       0x2d D:/toolchain/arm-none-eabi/13.3 rel1/bin/../lib/gcc/arm-none-eabi/13.3.1/thumb/v7-m/nofp\libg.a(libc_a-__atexit.o)
 .ARM.attributes
                0x000004ca       0x2d D:/toolchain/arm-none-eabi/13.3 rel1/bin/../lib/gcc/arm-none-eabi/13.3.1/thumb/v7-m/nofp/crtend.o
 .ARM.attributes
                0x000004f7       0x1d D:/toolchain/arm-none-eabi/13.3 rel1/bin/../lib/gcc/arm-none-eabi/13.3.1/thumb/v7-m/nofp/crtn.o
OUTPUT(breathlight.elf elf32-littlearm)
LOAD linker stubs
LOAD D:/toolchain/arm-none-eabi/13.3 rel1/bin/../lib/gcc/arm-none-eabi/13.3.1/thumb/v7-m/nofp\libc.a
LOAD D:/toolchain/arm-none-eabi/13.3 rel1/bin/../lib/gcc/arm-none-eabi/13.3.1/thumb/v7-m/nofp\libm.a
LOAD D:/toolchain/arm-none-eabi/13.3 rel1/bin/../lib/gcc/arm-none-eabi/13.3.1/thumb/v7-m/nofp\libgcc.a

.debug_info     0x00000000     0xe27f
 .debug_info    0x00000000      0x165 CMakeFiles/breathlight.elf.dir/Core/Src/gpio.c.obj
 .debug_info    0x00000165      0xd01 CMakeFiles/breathlight.elf.dir/Core/Src/main.c.obj
 .debug_info    0x00000e66      0x1f4 CMakeFiles/breathlight.elf.dir/Core/Src/stm32f1xx_hal_msp.c.obj
 .debug_info    0x0000105a      0x11d CMakeFiles/breathlight.elf.dir/Core/Src/stm32f1xx_it.c.obj
 .debug_info    0x00001177      0x22d CMakeFiles/breathlight.elf.dir/Core/Src/system_stm32f1xx.c.obj
 .debug_info    0x000013a4      0xc18 CMakeFiles/breathlight.elf.dir/Core/Src/tim.c.obj
 .debug_info    0x00001fbc      0x80d CMakeFiles/breathlight.elf.dir/Core/Src/usart.c.obj
 .debug_info    0x000027c9       0x30 CMakeFiles/breathlight.elf.dir/Core/Startup/startup_stm32f103c8tx.s.obj
 .debug_info    0x000027f9      0x7a2 CMakeFiles/breathlight.elf.dir/Drivers/STM32F1xx_HAL_Driver/Src/stm32f1xx_hal.c.obj
 .debug_info    0x00002f9b      0xcd9 CMakeFiles/breathlight.elf.dir/Drivers/STM32F1xx_HAL_Driver/Src/stm32f1xx_hal_cortex.c.obj
 .debug_info    0x00003c74      0x604 CMakeFiles/breathlight.elf.dir/Drivers/STM32F1xx_HAL_Driver/Src/stm32f1xx_hal_gpio.c.obj
 .debug_info    0x00004278      0x9c7 CMakeFiles/breathlight.elf.dir/Drivers/STM32F1xx_HAL_Driver/Src/stm32f1xx_hal_rcc.c.obj
 .debug_info    0x00004c3f     0x3c0f CMakeFiles/breathlight.elf.dir/Drivers/STM32F1xx_HAL_Driver/Src/stm32f1xx_hal_tim.c.obj
 .debug_info    0x0000884e     0x1aac CMakeFiles/breathlight.elf.dir/Drivers/STM32F1xx_HAL_Driver/Src/stm32f1xx_hal_tim_ex.c.obj
 .debug_info    0x0000a2fa     0x3f85 CMakeFiles/breathlight.elf.dir/Drivers/STM32F1xx_HAL_Driver/Src/stm32f1xx_hal_uart.c.obj

.debug_abbrev   0x00000000     0x1ca4
 .debug_abbrev  0x00000000       0xc4 CMakeFiles/breathlight.elf.dir/Core/Src/gpio.c.obj
 .debug_abbrev  0x000000c4      0x28f CMakeFiles/breathlight.elf.dir/Core/Src/main.c.obj
 .debug_abbrev  0x00000353       0xed CMakeFiles/breathlight.elf.dir/Core/Src/stm32f1xx_hal_msp.c.obj
 .debug_abbrev  0x00000440       0x7c CMakeFiles/breathlight.elf.dir/Core/Src/stm32f1xx_it.c.obj
 .debug_abbrev  0x000004bc      0x143 CMakeFiles/breathlight.elf.dir/Core/Src/system_stm32f1xx.c.obj
 .debug_abbrev  0x000005ff      0x252 CMakeFiles/breathlight.elf.dir/Core/Src/tim.c.obj
 .debug_abbrev  0x00000851      0x204 CMakeFiles/breathlight.elf.dir/Core/Src/usart.c.obj
 .debug_abbrev  0x00000a55       0x24 CMakeFiles/breathlight.elf.dir/Core/Startup/startup_stm32f103c8tx.s.obj
 .debug_abbrev  0x00000a79      0x22d CMakeFiles/breathlight.elf.dir/Drivers/STM32F1xx_HAL_Driver/Src/stm32f1xx_hal.c.obj
 .debug_abbrev  0x00000ca6      0x36d CMakeFiles/breathlight.elf.dir/Drivers/STM32F1xx_HAL_Driver/Src/stm32f1xx_hal_cortex.c.obj
 .debug_abbrev  0x00001013      0x1f7 CMakeFiles/breathlight.elf.dir/Drivers/STM32F1xx_HAL_Driver/Src/stm32f1xx_hal_gpio.c.obj
 .debug_abbrev  0x0000120a      0x2a0 CMakeFiles/breathlight.elf.dir/Drivers/STM32F1xx_HAL_Driver/Src/stm32f1xx_hal_rcc.c.obj
 .debug_abbrev  0x000014aa      0x270 CMakeFiles/breathlight.elf.dir/Drivers/STM32F1xx_HAL_Driver/Src/stm32f1xx_hal_tim.c.obj
 .debug_abbrev  0x0000171a      0x26e CMakeFiles/breathlight.elf.dir/Drivers/STM32F1xx_HAL_Driver/Src/stm32f1xx_hal_tim_ex.c.obj
 .debug_abbrev  0x00001988      0x31c CMakeFiles/breathlight.elf.dir/Drivers/STM32F1xx_HAL_Driver/Src/stm32f1xx_hal_uart.c.obj

.debug_aranges  0x00000000      0xb50
 .debug_aranges
                0x00000000       0x20 CMakeFiles/breathlight.elf.dir/Core/Src/gpio.c.obj
 .debug_aranges
                0x00000020       0x30 CMakeFiles/breathlight.elf.dir/Core/Src/main.c.obj
 .debug_aranges
                0x00000050       0x20 CMakeFiles/breathlight.elf.dir/Core/Src/stm32f1xx_hal_msp.c.obj
 .debug_aranges
                0x00000070       0x60 CMakeFiles/breathlight.elf.dir/Core/Src/stm32f1xx_it.c.obj
 .debug_aranges
                0x000000d0       0x28 CMakeFiles/breathlight.elf.dir/Core/Src/system_stm32f1xx.c.obj
 .debug_aranges
                0x000000f8       0x38 CMakeFiles/breathlight.elf.dir/Core/Src/tim.c.obj
 .debug_aranges
                0x00000130       0x30 CMakeFiles/breathlight.elf.dir/Core/Src/usart.c.obj
 .debug_aranges
                0x00000160       0x28 CMakeFiles/breathlight.elf.dir/Core/Startup/startup_stm32f103c8tx.s.obj
 .debug_aranges
                0x00000188       0xe0 CMakeFiles/breathlight.elf.dir/Drivers/STM32F1xx_HAL_Driver/Src/stm32f1xx_hal.c.obj
 .debug_aranges
                0x00000268       0xc0 CMakeFiles/breathlight.elf.dir/Drivers/STM32F1xx_HAL_Driver/Src/stm32f1xx_hal_cortex.c.obj
 .debug_aranges
                0x00000328       0x58 CMakeFiles/breathlight.elf.dir/Drivers/STM32F1xx_HAL_Driver/Src/stm32f1xx_hal_gpio.c.obj
 .debug_aranges
                0x00000380       0x90 CMakeFiles/breathlight.elf.dir/Drivers/STM32F1xx_HAL_Driver/Src/stm32f1xx_hal_rcc.c.obj
 .debug_aranges
                0x00000410      0x3d0 CMakeFiles/breathlight.elf.dir/Drivers/STM32F1xx_HAL_Driver/Src/stm32f1xx_hal_tim.c.obj
 .debug_aranges
                0x000007e0      0x168 CMakeFiles/breathlight.elf.dir/Drivers/STM32F1xx_HAL_Driver/Src/stm32f1xx_hal_tim_ex.c.obj
 .debug_aranges
                0x00000948      0x208 CMakeFiles/breathlight.elf.dir/Drivers/STM32F1xx_HAL_Driver/Src/stm32f1xx_hal_uart.c.obj

.debug_rnglists
                0x00000000      0x8a5
 .debug_rnglists
                0x00000000       0x13 CMakeFiles/breathlight.elf.dir/Core/Src/gpio.c.obj
 .debug_rnglists
                0x00000013       0x20 CMakeFiles/breathlight.elf.dir/Core/Src/main.c.obj
 .debug_rnglists
                0x00000033       0x13 CMakeFiles/breathlight.elf.dir/Core/Src/stm32f1xx_hal_msp.c.obj
 .debug_rnglists
                0x00000046       0x43 CMakeFiles/breathlight.elf.dir/Core/Src/stm32f1xx_it.c.obj
 .debug_rnglists
                0x00000089       0x1a CMakeFiles/breathlight.elf.dir/Core/Src/system_stm32f1xx.c.obj
 .debug_rnglists
                0x000000a3       0x26 CMakeFiles/breathlight.elf.dir/Core/Src/tim.c.obj
 .debug_rnglists
                0x000000c9       0x1f CMakeFiles/breathlight.elf.dir/Core/Src/usart.c.obj
 .debug_rnglists
                0x000000e8       0x19 CMakeFiles/breathlight.elf.dir/Core/Startup/startup_stm32f103c8tx.s.obj
 .debug_rnglists
                0x00000101       0xa3 CMakeFiles/breathlight.elf.dir/Drivers/STM32F1xx_HAL_Driver/Src/stm32f1xx_hal.c.obj
 .debug_rnglists
                0x000001a4       0x8b CMakeFiles/breathlight.elf.dir/Drivers/STM32F1xx_HAL_Driver/Src/stm32f1xx_hal_cortex.c.obj
 .debug_rnglists
                0x0000022f       0x3f CMakeFiles/breathlight.elf.dir/Drivers/STM32F1xx_HAL_Driver/Src/stm32f1xx_hal_gpio.c.obj
 .debug_rnglists
                0x0000026e       0x7d CMakeFiles/breathlight.elf.dir/Drivers/STM32F1xx_HAL_Driver/Src/stm32f1xx_hal_rcc.c.obj
 .debug_rnglists
                0x000002eb      0x2ff CMakeFiles/breathlight.elf.dir/Drivers/STM32F1xx_HAL_Driver/Src/stm32f1xx_hal_tim.c.obj
 .debug_rnglists
                0x000005ea      0x11a CMakeFiles/breathlight.elf.dir/Drivers/STM32F1xx_HAL_Driver/Src/stm32f1xx_hal_tim_ex.c.obj
 .debug_rnglists
                0x00000704      0x1a1 CMakeFiles/breathlight.elf.dir/Drivers/STM32F1xx_HAL_Driver/Src/stm32f1xx_hal_uart.c.obj

.debug_line     0x00000000     0xc8be
 .debug_line    0x00000000      0x183 CMakeFiles/breathlight.elf.dir/Core/Src/gpio.c.obj
 .debug_line    0x00000183      0x46a CMakeFiles/breathlight.elf.dir/Core/Src/main.c.obj
 .debug_line    0x000005ed      0x196 CMakeFiles/breathlight.elf.dir/Core/Src/stm32f1xx_hal_msp.c.obj
 .debug_line    0x00000783      0x18f CMakeFiles/breathlight.elf.dir/Core/Src/stm32f1xx_it.c.obj
 .debug_line    0x00000912      0x25f CMakeFiles/breathlight.elf.dir/Core/Src/system_stm32f1xx.c.obj
 .debug_line    0x00000b71      0x482 CMakeFiles/breathlight.elf.dir/Core/Src/tim.c.obj
 .debug_line    0x00000ff3      0x363 CMakeFiles/breathlight.elf.dir/Core/Src/usart.c.obj
 .debug_line    0x00001356       0x78 CMakeFiles/breathlight.elf.dir/Core/Startup/startup_stm32f103c8tx.s.obj
 .debug_line    0x000013ce      0x59a CMakeFiles/breathlight.elf.dir/Drivers/STM32F1xx_HAL_Driver/Src/stm32f1xx_hal.c.obj
 .debug_line    0x00001968      0x6ea CMakeFiles/breathlight.elf.dir/Drivers/STM32F1xx_HAL_Driver/Src/stm32f1xx_hal_cortex.c.obj
 .debug_line    0x00002052      0x613 CMakeFiles/breathlight.elf.dir/Drivers/STM32F1xx_HAL_Driver/Src/stm32f1xx_hal_gpio.c.obj
 .debug_line    0x00002665      0xced CMakeFiles/breathlight.elf.dir/Drivers/STM32F1xx_HAL_Driver/Src/stm32f1xx_hal_rcc.c.obj
 .debug_line    0x00003352     0x4632 CMakeFiles/breathlight.elf.dir/Drivers/STM32F1xx_HAL_Driver/Src/stm32f1xx_hal_tim.c.obj
 .debug_line    0x00007984     0x1a2f CMakeFiles/breathlight.elf.dir/Drivers/STM32F1xx_HAL_Driver/Src/stm32f1xx_hal_tim_ex.c.obj
 .debug_line    0x000093b3     0x350b CMakeFiles/breathlight.elf.dir/Drivers/STM32F1xx_HAL_Driver/Src/stm32f1xx_hal_uart.c.obj

.debug_str      0x00000000     0x3787
 .debug_str     0x00000000     0x3787 CMakeFiles/breathlight.elf.dir/Core/Src/gpio.c.obj
                                0x225 (size before relaxing)
 .debug_str     0x00003787      0xb68 CMakeFiles/breathlight.elf.dir/Core/Src/main.c.obj
 .debug_str     0x00003787      0x25f CMakeFiles/breathlight.elf.dir/Core/Src/stm32f1xx_hal_msp.c.obj
 .debug_str     0x00003787      0x262 CMakeFiles/breathlight.elf.dir/Core/Src/stm32f1xx_it.c.obj
 .debug_str     0x00003787      0x294 CMakeFiles/breathlight.elf.dir/Core/Src/system_stm32f1xx.c.obj
 .debug_str     0x00003787      0xa40 CMakeFiles/breathlight.elf.dir/Core/Src/tim.c.obj
 .debug_str     0x00003787      0x712 CMakeFiles/breathlight.elf.dir/Core/Src/usart.c.obj
 .debug_str     0x00003787       0xa5 CMakeFiles/breathlight.elf.dir/Core/Startup/startup_stm32f103c8tx.s.obj
 .debug_str     0x00003787      0x86e CMakeFiles/breathlight.elf.dir/Drivers/STM32F1xx_HAL_Driver/Src/stm32f1xx_hal.c.obj
 .debug_str     0x00003787      0x913 CMakeFiles/breathlight.elf.dir/Drivers/STM32F1xx_HAL_Driver/Src/stm32f1xx_hal_cortex.c.obj
 .debug_str     0x00003787      0x440 CMakeFiles/breathlight.elf.dir/Drivers/STM32F1xx_HAL_Driver/Src/stm32f1xx_hal_gpio.c.obj
 .debug_str     0x00003787      0x66b CMakeFiles/breathlight.elf.dir/Drivers/STM32F1xx_HAL_Driver/Src/stm32f1xx_hal_rcc.c.obj
 .debug_str     0x00003787     0x16c5 CMakeFiles/breathlight.elf.dir/Drivers/STM32F1xx_HAL_Driver/Src/stm32f1xx_hal_tim.c.obj
 .debug_str     0x00003787      0xed1 CMakeFiles/breathlight.elf.dir/Drivers/STM32F1xx_HAL_Driver/Src/stm32f1xx_hal_tim_ex.c.obj
 .debug_str     0x00003787      0xd34 CMakeFiles/breathlight.elf.dir/Drivers/STM32F1xx_HAL_Driver/Src/stm32f1xx_hal_uart.c.obj

.comment        0x00000000       0x45
 .comment       0x00000000       0x45 CMakeFiles/breathlight.elf.dir/Core/Src/gpio.c.obj
                                 0x46 (size before relaxing)
 .comment       0x00000045       0x46 CMakeFiles/breathlight.elf.dir/Core/Src/main.c.obj
 .comment       0x00000045       0x46 CMakeFiles/breathlight.elf.dir/Core/Src/stm32f1xx_hal_msp.c.obj
 .comment       0x00000045       0x46 CMakeFiles/breathlight.elf.dir/Core/Src/stm32f1xx_it.c.obj
 .comment       0x00000045       0x46 CMakeFiles/breathlight.elf.dir/Core/Src/system_stm32f1xx.c.obj
 .comment       0x00000045       0x46 CMakeFiles/breathlight.elf.dir/Core/Src/tim.c.obj
 .comment       0x00000045       0x46 CMakeFiles/breathlight.elf.dir/Core/Src/usart.c.obj
 .comment       0x00000045       0x46 CMakeFiles/breathlight.elf.dir/Drivers/STM32F1xx_HAL_Driver/Src/stm32f1xx_hal.c.obj
 .comment       0x00000045       0x46 CMakeFiles/breathlight.elf.dir/Drivers/STM32F1xx_HAL_Driver/Src/stm32f1xx_hal_cortex.c.obj
 .comment       0x00000045       0x46 CMakeFiles/breathlight.elf.dir/Drivers/STM32F1xx_HAL_Driver/Src/stm32f1xx_hal_gpio.c.obj
 .comment       0x00000045       0x46 CMakeFiles/breathlight.elf.dir/Drivers/STM32F1xx_HAL_Driver/Src/stm32f1xx_hal_rcc.c.obj
 .comment       0x00000045       0x46 CMakeFiles/breathlight.elf.dir/Drivers/STM32F1xx_HAL_Driver/Src/stm32f1xx_hal_tim.c.obj
 .comment       0x00000045       0x46 CMakeFiles/breathlight.elf.dir/Drivers/STM32F1xx_HAL_Driver/Src/stm32f1xx_hal_tim_ex.c.obj
 .comment       0x00000045       0x46 CMakeFiles/breathlight.elf.dir/Drivers/STM32F1xx_HAL_Driver/Src/stm32f1xx_hal_uart.c.obj

.debug_frame    0x00000000     0x20c0
 .debug_frame   0x00000000       0x28 CMakeFiles/breathlight.elf.dir/Core/Src/gpio.c.obj
 .debug_frame   0x00000028       0x60 CMakeFiles/breathlight.elf.dir/Core/Src/main.c.obj
 .debug_frame   0x00000088       0x28 CMakeFiles/breathlight.elf.dir/Core/Src/stm32f1xx_hal_msp.c.obj
 .debug_frame   0x000000b0       0xa8 CMakeFiles/breathlight.elf.dir/Core/Src/stm32f1xx_it.c.obj
 .debug_frame   0x00000158       0x30 CMakeFiles/breathlight.elf.dir/Core/Src/system_stm32f1xx.c.obj
 .debug_frame   0x00000188       0x7c CMakeFiles/breathlight.elf.dir/Core/Src/tim.c.obj
 .debug_frame   0x00000204       0x60 CMakeFiles/breathlight.elf.dir/Core/Src/usart.c.obj
 .debug_frame   0x00000264      0x1cc CMakeFiles/breathlight.elf.dir/Drivers/STM32F1xx_HAL_Driver/Src/stm32f1xx_hal.c.obj
 .debug_frame   0x00000430      0x19c CMakeFiles/breathlight.elf.dir/Drivers/STM32F1xx_HAL_Driver/Src/stm32f1xx_hal_cortex.c.obj
 .debug_frame   0x000005cc       0xe4 CMakeFiles/breathlight.elf.dir/Drivers/STM32F1xx_HAL_Driver/Src/stm32f1xx_hal_gpio.c.obj
 .debug_frame   0x000006b0      0x184 CMakeFiles/breathlight.elf.dir/Drivers/STM32F1xx_HAL_Driver/Src/stm32f1xx_hal_rcc.c.obj
 .debug_frame   0x00000834      0xb18 CMakeFiles/breathlight.elf.dir/Drivers/STM32F1xx_HAL_Driver/Src/stm32f1xx_hal_tim.c.obj
 .debug_frame   0x0000134c      0x418 CMakeFiles/breathlight.elf.dir/Drivers/STM32F1xx_HAL_Driver/Src/stm32f1xx_hal_tim_ex.c.obj
 .debug_frame   0x00001764      0x5dc CMakeFiles/breathlight.elf.dir/Drivers/STM32F1xx_HAL_Driver/Src/stm32f1xx_hal_uart.c.obj
 .debug_frame   0x00001d40       0x30 D:/toolchain/arm-none-eabi/13.3 rel1/bin/../lib/gcc/arm-none-eabi/13.3.1/thumb/v7-m/nofp\libgcc.a(_arm_muldf3.o)
 .debug_frame   0x00001d70       0x24 D:/toolchain/arm-none-eabi/13.3 rel1/bin/../lib/gcc/arm-none-eabi/13.3.1/thumb/v7-m/nofp\libgcc.a(_arm_mulsf3.o)
 .debug_frame   0x00001d94       0xac D:/toolchain/arm-none-eabi/13.3 rel1/bin/../lib/gcc/arm-none-eabi/13.3.1/thumb/v7-m/nofp\libgcc.a(_arm_addsubdf3.o)
 .debug_frame   0x00001e40       0x24 D:/toolchain/arm-none-eabi/13.3 rel1/bin/../lib/gcc/arm-none-eabi/13.3.1/thumb/v7-m/nofp\libgcc.a(_arm_truncdfsf2.o)
 .debug_frame   0x00001e64       0x4c D:/toolchain/arm-none-eabi/13.3 rel1/bin/../lib/gcc/arm-none-eabi/13.3.1/thumb/v7-m/nofp\libgcc.a(_arm_addsubsf3.o)
 .debug_frame   0x00001eb0       0x24 D:/toolchain/arm-none-eabi/13.3 rel1/bin/../lib/gcc/arm-none-eabi/13.3.1/thumb/v7-m/nofp\libgcc.a(_arm_fixunssfsi.o)
 .debug_frame   0x00001ed4       0x2c D:/toolchain/arm-none-eabi/13.3 rel1/bin/../lib/gcc/arm-none-eabi/13.3.1/thumb/v7-m/nofp\libg.a(libc_a-memset.o)
 .debug_frame   0x00001f00       0x2c D:/toolchain/arm-none-eabi/13.3 rel1/bin/../lib/gcc/arm-none-eabi/13.3.1/thumb/v7-m/nofp\libg.a(libc_a-init.o)
 .debug_frame   0x00001f2c       0xb0 D:/toolchain/arm-none-eabi/13.3 rel1/bin/../lib/gcc/arm-none-eabi/13.3.1/thumb/v7-m/nofp\libg.a(libc_a-lock.o)
 .debug_frame   0x00001fdc       0x5c D:/toolchain/arm-none-eabi/13.3 rel1/bin/../lib/gcc/arm-none-eabi/13.3.1/thumb/v7-m/nofp\libg.a(libc_a-__call_atexit.o)
 .debug_frame   0x00002038       0x20 D:/toolchain/arm-none-eabi/13.3 rel1/bin/../lib/gcc/arm-none-eabi/13.3.1/thumb/v7-m/nofp\libg.a(libc_a-atexit.o)
 .debug_frame   0x00002058       0x34 D:/toolchain/arm-none-eabi/13.3 rel1/bin/../lib/gcc/arm-none-eabi/13.3.1/thumb/v7-m/nofp\libg.a(libc_a-fini.o)
 .debug_frame   0x0000208c       0x34 D:/toolchain/arm-none-eabi/13.3 rel1/bin/../lib/gcc/arm-none-eabi/13.3.1/thumb/v7-m/nofp\libg.a(libc_a-__atexit.o)

.debug_loclists
                0x00000000     0x8727
 .debug_loclists
                0x00000000       0x55 CMakeFiles/breathlight.elf.dir/Core/Src/main.c.obj
 .debug_loclists
                0x00000055       0x17 CMakeFiles/breathlight.elf.dir/Core/Src/stm32f1xx_hal_msp.c.obj
 .debug_loclists
                0x0000006c       0xb7 CMakeFiles/breathlight.elf.dir/Core/Src/system_stm32f1xx.c.obj
 .debug_loclists
                0x00000123       0x40 CMakeFiles/breathlight.elf.dir/Core/Src/tim.c.obj
 .debug_loclists
                0x00000163       0x74 CMakeFiles/breathlight.elf.dir/Core/Src/usart.c.obj
 .debug_loclists
                0x000001d7       0xe1 CMakeFiles/breathlight.elf.dir/Drivers/STM32F1xx_HAL_Driver/Src/stm32f1xx_hal.c.obj
 .debug_loclists
                0x000002b8      0x530 CMakeFiles/breathlight.elf.dir/Drivers/STM32F1xx_HAL_Driver/Src/stm32f1xx_hal_cortex.c.obj
 .debug_loclists
                0x000007e8      0x318 CMakeFiles/breathlight.elf.dir/Drivers/STM32F1xx_HAL_Driver/Src/stm32f1xx_hal_gpio.c.obj
 .debug_loclists
                0x00000b00      0x42e CMakeFiles/breathlight.elf.dir/Drivers/STM32F1xx_HAL_Driver/Src/stm32f1xx_hal_rcc.c.obj
 .debug_loclists
                0x00000f2e     0x37db CMakeFiles/breathlight.elf.dir/Drivers/STM32F1xx_HAL_Driver/Src/stm32f1xx_hal_tim.c.obj
 .debug_loclists
                0x00004709     0x1398 CMakeFiles/breathlight.elf.dir/Drivers/STM32F1xx_HAL_Driver/Src/stm32f1xx_hal_tim_ex.c.obj
 .debug_loclists
                0x00005aa1     0x2c86 CMakeFiles/breathlight.elf.dir/Drivers/STM32F1xx_HAL_Driver/Src/stm32f1xx_hal_uart.c.obj

.debug_line_str
                0x00000000      0x160
 .debug_line_str
                0x00000000      0x160 CMakeFiles/breathlight.elf.dir/Core/Startup/startup_stm32f103c8tx.s.obj
                                 0x89 (size before relaxing)
 .debug_line_str
                0x00000160       0xca D:/toolchain/arm-none-eabi/13.3 rel1/bin/../lib/gcc/arm-none-eabi/13.3.1/thumb/v7-m/nofp\libgcc.a(_arm_muldf3.o)
 .debug_line_str
                0x00000160       0xca D:/toolchain/arm-none-eabi/13.3 rel1/bin/../lib/gcc/arm-none-eabi/13.3.1/thumb/v7-m/nofp\libgcc.a(_arm_mulsf3.o)
 .debug_line_str
                0x00000160       0xca D:/toolchain/arm-none-eabi/13.3 rel1/bin/../lib/gcc/arm-none-eabi/13.3.1/thumb/v7-m/nofp\libgcc.a(_arm_addsubdf3.o)
 .debug_line_str
                0x00000160       0xca D:/toolchain/arm-none-eabi/13.3 rel1/bin/../lib/gcc/arm-none-eabi/13.3.1/thumb/v7-m/nofp\libgcc.a(_arm_truncdfsf2.o)
 .debug_line_str
                0x00000160       0xca D:/toolchain/arm-none-eabi/13.3 rel1/bin/../lib/gcc/arm-none-eabi/13.3.1/thumb/v7-m/nofp\libgcc.a(_arm_addsubsf3.o)
 .debug_line_str
                0x00000160       0xca D:/toolchain/arm-none-eabi/13.3 rel1/bin/../lib/gcc/arm-none-eabi/13.3.1/thumb/v7-m/nofp\libgcc.a(_arm_fixunssfsi.o)
